 diversity

 Timestamp is 58a987dc (Sun Feb 19 13:56:12 2017)

 Preferred load address is 0000000180000000

 Start         Length     Name                   Class
 0001:00000000 00001391H .text$di                CODE
 0001:000013a0 0000a172H .text$mn                CODE
 0001:0000b520 00000b20H .text$x                 CODE
 0001:0000c040 000002b1H .text$yd                CODE
 0002:00000000 00000360H .idata$5                DATA
 0002:00000360 00000008H .CRT$XCA                DATA
 0002:00000368 00000048H .CRT$XCU                DATA
 0002:000003b0 00000008H .CRT$XCZ                DATA
 0002:000003b8 00000008H .CRT$XIA                DATA
 0002:000003c0 00000008H .CRT$XIAA               DATA
 0002:000003c8 00000008H .CRT$XIC                DATA
 0002:000003d0 00000008H .CRT$XIZ                DATA
 0002:000003e0 00002150H .rdata                  DATA
 0002:00002530 00000090H .rdata$debug            DATA
 0002:000025c0 0000080cH .rdata$r                DATA
 0002:00002dd0 00000008H .rtc$IAA                DATA
 0002:00002dd8 00000008H .rtc$IZZ                DATA
 0002:00002de0 00000008H .rtc$TAA                DATA
 0002:00002de8 00000008H .rtc$TZZ                DATA
 0002:00002df0 00001cccH .xdata                  DATA
 0002:00004ac0 00000084H .xdata$x                DATA
 0002:00004b50 0000004fH .edata                  DATA
 0002:00004ba0 00000064H .idata$2                DATA
 0002:00004c04 00000014H .idata$3                DATA
 0002:00004c18 00000360H .idata$4                DATA
 0002:00004f78 00000c6eH .idata$6                DATA
 0003:00000000 0000010cH .data                   DATA
 0003:00000110 00000414H .data$r                 DATA
 0003:00000540 00000670H .bss                    DATA
 0004:00000000 00000bacH .pdata                  DATA

  Address         Publics by Value              Rva+Base               Lib:Object

 0000:00000000       ___safe_se_handler_count   0000000000000000     <absolute>
 0000:00000000       ___safe_se_handler_table   0000000000000000     <absolute>
 0000:00000000       __guard_fids_count         0000000000000000     <absolute>
 0000:00000000       __guard_fids_table         0000000000000000     <absolute>
 0000:00000000       __guard_flags              0000000000000000     <absolute>
 0000:00000000       __ImageBase                0000000180000000     <linker-defined>
 0001:000013a0       ??1?$_Deque_val@U?$_Deque_simple_types@J@std@@@std@@QEAA@XZ 00000001800023a0 f i tictoc.obj
 0001:000013a0       ??3@YAXPEAX0@Z             00000001800023a0 f i diversity.obj
 0001:000013a0       ??$destroy@PEAU?$_Tree_node@U?$pair@$$CBHV?$basic_string@DU?$char_traits@D@std@@V?$allocator@D@2@@std@@@std@@PEAX@std@@@?$_Wrap_alloc@V?$allocator@U?$_Tree_node@U?$pair@$$CBHV?$basic_string@DU?$char_traits@D@std@@V?$allocator@D@2@@std@@@std@@PEAX@std@@@std@@@std@@QEAAXPEAPEAU?$_Tree_node@U?$pair@$$CBHV?$basic_string@DU?$char_traits@D@std@@V?$allocator@D@2@@std@@@std@@PEAX@1@@Z 00000001800023a0 f i mex_opencv_2.4:MxArray.obj
 0001:000013a0       ??$destroy@PEAU?$_Tree_node@U?$pair@$$CBV?$basic_string@DU?$char_traits@D@std@@V?$allocator@D@2@@std@@H@std@@PEAX@std@@@?$_Wrap_alloc@V?$allocator@U?$_Tree_node@U?$pair@$$CBV?$basic_string@DU?$char_traits@D@std@@V?$allocator@D@2@@std@@H@std@@PEAX@std@@@std@@@std@@QEAAXPEAPEAU?$_Tree_node@U?$pair@$$CBV?$basic_string@DU?$char_traits@D@std@@V?$allocator@D@2@@std@@H@std@@PEAX@1@@Z 00000001800023a0 f i mex_opencv_2.4:MxArray.obj
 0001:000013a0       ??$destroy@PEAD@?$_Wrap_alloc@V?$allocator@D@std@@@std@@QEAAXPEAPEAD@Z 00000001800023a0 f i diversity.obj
 0001:000013a0       ??$destroy@PEAU?$_Tree_node@U?$pair@$$CBW4mxClassID@@H@std@@PEAX@std@@@?$_Wrap_alloc@V?$allocator@U?$_Tree_node@U?$pair@$$CBW4mxClassID@@H@std@@PEAX@std@@@std@@@std@@QEAAXPEAPEAU?$_Tree_node@U?$pair@$$CBW4mxClassID@@H@std@@PEAX@1@@Z 00000001800023a0 f i mex_opencv_2.4:MxArray.obj
 0001:000013a0       ??$_Uninit_def_fill_n@PEAUddisScanParams@@_KV?$allocator@UddisScanParams@@@std@@U1@@std@@YAXPEAUddisScanParams@@_KAEAU?$_Wrap_alloc@V?$allocator@UddisScanParams@@@std@@@0@0U_Nonscalar_ptr_iterator_tag@0@@Z 00000001800023a0 f i deformableDiversity.obj
 0001:000013a0       ?_Destroy@?$vector@PEBDV?$allocator@PEBD@std@@@std@@IEAAXPEAPEBD0@Z 00000001800023a0 f i main.obj
 0001:000013a0       ??$destroy@PEAU?$_Tree_node@U?$pair@$$CBHW4mxClassID@@@std@@PEAX@std@@@?$_Wrap_alloc@V?$allocator@U?$_Tree_node@U?$pair@$$CBHW4mxClassID@@@std@@PEAX@std@@@std@@@std@@QEAAXPEAPEAU?$_Tree_node@U?$pair@$$CBHW4mxClassID@@@std@@PEAX@1@@Z 00000001800023a0 f i mex_opencv_2.4:MxArray.obj
 0001:000013a0       ??$destroy@U_Container_proxy@std@@@?$_Wrap_alloc@V?$allocator@U_Container_proxy@std@@@std@@@std@@QEAAXPEAU_Container_proxy@1@@Z 00000001800023a0 f i tictoc.obj
 0001:000013b0       ??_G_System_error_category@std@@UEAAPEAXI@Z 00000001800023b0 f i diversity.obj
 0001:000013b0       ??_Eerror_category@std@@UEAAPEAXI@Z 00000001800023b0 f i * CIL library *:* CIL module *
 0001:000013b0       ??_E_System_error_category@std@@UEAAPEAXI@Z 00000001800023b0 f i * CIL library *:* CIL module *
 0001:000013b0       ??_E_Generic_error_category@std@@UEAAPEAXI@Z 00000001800023b0 f i * CIL library *:* CIL module *
 0001:000013b0       ??_Gerror_category@std@@UEAAPEAXI@Z 00000001800023b0 f i diversity.obj
 0001:000013b0       ??_G_Iostream_error_category@std@@UEAAPEAXI@Z 00000001800023b0 f i diversity.obj
 0001:000013b0       ??_E_Iostream_error_category@std@@UEAAPEAXI@Z 00000001800023b0 f i * CIL library *:* CIL module *
 0001:000013b0       ??_G_Generic_error_category@std@@UEAAPEAXI@Z 00000001800023b0 f i diversity.obj
 0001:000013e0       ?default_error_condition@error_category@std@@UEBA?AVerror_condition@2@H@Z 00000001800023e0 f i diversity.obj
 0001:000013f0       ?equivalent@error_category@std@@UEBA_NHAEBVerror_condition@2@@Z 00000001800023f0 f i diversity.obj
 0001:00001430       ?equivalent@error_category@std@@UEBA_NAEBVerror_code@2@H@Z 0000000180002430 f i diversity.obj
 0001:00001450       ?name@_Generic_error_category@std@@UEBAPEBDXZ 0000000180002450 f i diversity.obj
 0001:00001460       ?message@_Generic_error_category@std@@UEBA?AV?$basic_string@DU?$char_traits@D@std@@V?$allocator@D@2@@2@H@Z 0000000180002460 f i diversity.obj
 0001:000014d0       ?name@_Iostream_error_category@std@@UEBAPEBDXZ 00000001800024d0 f i diversity.obj
 0001:000014e0       ?message@_Iostream_error_category@std@@UEBA?AV?$basic_string@DU?$char_traits@D@std@@V?$allocator@D@2@@2@H@Z 00000001800024e0 f i diversity.obj
 0001:00001530       ?name@_System_error_category@std@@UEBAPEBDXZ 0000000180002530 f i diversity.obj
 0001:00001540       ?message@_System_error_category@std@@UEBA?AV?$basic_string@DU?$char_traits@D@std@@V?$allocator@D@2@@2@H@Z 0000000180002540 f i diversity.obj
 0001:000015b0       ?default_error_condition@_System_error_category@std@@UEBA?AVerror_condition@2@H@Z 00000001800025b0 f i diversity.obj
 0001:000015f0       ??0WeightedCountArray@dis@@QEAA@V?$vector@MV?$allocator@M@std@@@std@@@Z 00000001800025f0 f i diversity.obj
 0001:00001700       ??1MxArray@@UEAA@XZ        0000000180002700 f i diversity.obj
 0001:00001710       ??_EMxArray@@UEAAPEAXI@Z   0000000180002710 f i * CIL library *:* CIL module *
 0001:00001710       ??_GMxArray@@UEAAPEAXI@Z   0000000180002710 f i diversity.obj
 0001:00001740       ?CalcDiversityMap@@YAXV?$Mat@H@dis@@HHV?$vector@MV?$allocator@M@std@@@std@@AEAV?$Mat@M@2@@Z 0000000180002740 f   diversity.obj
 0001:00001ae0       ?BuildWeightVector@@YA?AV?$vector@MV?$allocator@M@std@@@std@@V?$Mat@H@dis@@HH@Z 0000000180002ae0 f   diversity.obj
 0001:00001c20       ?DiversityCount@dis@@YAXPEAPEAUmxArray_tag@@HPEAPEBU2@@Z 0000000180002c20 f   diversity.obj
 0001:00001e20       ?WeightedDiversityCount@dis@@YAXPEAPEAUmxArray_tag@@HPEAPEBU2@@Z 0000000180002e20 f   diversity.obj
 0001:000021f0       ??1?$basic_string@DU?$char_traits@D@std@@V?$allocator@D@2@@std@@QEAA@XZ 00000001800031f0 f i diversity.obj
 0001:00002230       ??1CountArray@dis@@QEAA@XZ 0000000180003230 f i deformableDiversity.obj
 0001:00002230       ??1?$vector@MV?$allocator@M@std@@@std@@QEAA@XZ 0000000180003230 f i diversity.obj
 0001:00002230       ??1?$vector@NV?$allocator@N@std@@@std@@QEAA@XZ 0000000180003230 f i deformableDiversity.obj
 0001:00002230       ??1?$vector@UddisScanParams@@V?$allocator@UddisScanParams@@@std@@@std@@QEAA@XZ 0000000180003230 f i deformableDiversity.obj
 0001:00002230       ??1?$vector@PEBDV?$allocator@PEBD@std@@@std@@QEAA@XZ 0000000180003230 f i main.obj
 0001:00002230       ??1?$vector@HV?$allocator@H@std@@@std@@QEAA@XZ 0000000180003230 f i diversity.obj
 0001:00002260       ??0?$vector@HV?$allocator@H@std@@@std@@QEAA@AEBV01@@Z 0000000180003260 f i deformableDiversity.obj
 0001:00002260       ??0?$vector@MV?$allocator@M@std@@@std@@QEAA@AEBV01@@Z 0000000180003260 f i diversity.obj
 0001:000022d0       ?assign@?$basic_string@DU?$char_traits@D@std@@V?$allocator@D@2@@std@@QEAAAEAV12@AEBV12@_K1@Z 00000001800032d0 f i diversity.obj
 0001:00002400       ?_Construct_n@?$vector@HV?$allocator@H@std@@@std@@QEAAX_KPEBH@Z 0000000180003400 f i diversity.obj
 0001:00002460       ?_Construct_n@?$vector@MV?$allocator@M@std@@@std@@QEAAX_KPEBM@Z 0000000180003460 f i diversity.obj
 0001:000024c0       ?_Buy@?$vector@MV?$allocator@M@std@@@std@@IEAA_N_K@Z 00000001800034c0 f i diversity.obj
 0001:000024c0       ?_Buy@?$vector@HV?$allocator@H@std@@@std@@IEAA_N_K@Z 00000001800034c0 f i diversity.obj
 0001:00002540       ?assign@?$basic_string@DU?$char_traits@D@std@@V?$allocator@D@2@@std@@QEAAAEAV12@PEBD_K@Z 0000000180003540 f i diversity.obj
 0001:00002670       ?erase@?$basic_string@DU?$char_traits@D@std@@V?$allocator@D@2@@std@@QEAAAEAV12@_K0@Z 0000000180003670 f i diversity.obj
 0001:00002740       ?_Grow@?$basic_string@DU?$char_traits@D@std@@V?$allocator@D@2@@std@@QEAA_N_K_N@Z 0000000180003740 f i diversity.obj
 0001:00002810       ??0?$_Wrap_alloc@V?$allocator@U?$_Tree_node@U?$pair@$$CBHV?$basic_string@DU?$char_traits@D@std@@V?$allocator@D@2@@std@@@std@@PEAX@std@@@std@@@std@@QEAA@AEBV?$allocator@U?$_Tree_node@U?$pair@$$CBHV?$basic_string@DU?$char_traits@D@std@@V?$allocator@D@2@@std@@@std@@PEAX@std@@@1@@Z 0000000180003810 f i mex_opencv_2.4:MxArray.obj
 0001:00002810       ??0?$_Wrap_alloc@V?$allocator@U?$_Tree_node@U?$pair@$$CBW4mxClassID@@H@std@@PEAX@std@@@std@@@std@@QEAA@XZ 0000000180003810 f i mex_opencv_2.4:MxArray.obj
 0001:00002810       ??0?$_Wrap_alloc@V?$allocator@U?$_Tree_node@U?$pair@$$CBV?$basic_string@DU?$char_traits@D@std@@V?$allocator@D@2@@std@@H@std@@PEAX@std@@@std@@@std@@QEAA@AEBV?$allocator@U?$_Tree_node@U?$pair@$$CBV?$basic_string@DU?$char_traits@D@std@@V?$allocator@D@2@@std@@H@std@@PEAX@std@@@1@@Z 0000000180003810 f i mex_opencv_2.4:MxArray.obj
 0001:00002810       ??0?$_Wrap_alloc@V?$allocator@U?$_Tree_node@U?$pair@$$CBW4mxClassID@@H@std@@PEAX@std@@@std@@@std@@QEAA@AEBV?$allocator@U?$_Tree_node@U?$pair@$$CBW4mxClassID@@H@std@@PEAX@std@@@1@@Z 0000000180003810 f i mex_opencv_2.4:MxArray.obj
 0001:00002810       ??0?$_Wrap_alloc@V?$allocator@U?$_Tree_node@U?$pair@$$CBHV?$basic_string@DU?$char_traits@D@std@@V?$allocator@D@2@@std@@@std@@PEAX@std@@@std@@@std@@QEAA@XZ 0000000180003810 f i mex_opencv_2.4:MxArray.obj
 0001:00002810       ??0?$_Wrap_alloc@V?$allocator@PEBD@std@@@std@@QEAA@XZ 0000000180003810 f i main.obj
 0001:00002810       ??0?$_Wrap_alloc@V?$allocator@U?$_Tree_node@U?$pair@$$CBHW4mxClassID@@@std@@PEAX@std@@@std@@@std@@QEAA@XZ 0000000180003810 f i mex_opencv_2.4:MxArray.obj
 0001:00002810       ??0?$_Wrap_alloc@V?$allocator@U?$_Tree_node@U?$pair@$$CBV?$basic_string@DU?$char_traits@D@std@@V?$allocator@D@2@@std@@H@std@@PEAX@std@@@std@@@std@@QEAA@XZ 0000000180003810 f i mex_opencv_2.4:MxArray.obj
 0001:00002810       ??0?$_Wrap_alloc@V?$allocator@U_Container_proxy@std@@@std@@@std@@QEAA@XZ 0000000180003810 f i tictoc.obj
 0001:00002810       ??0?$_Wrap_alloc@V?$allocator@D@std@@@std@@QEAA@XZ 0000000180003810 f i diversity.obj
 0001:00002810       ??0?$_Wrap_alloc@V?$allocator@U?$_Tree_node@U?$pair@$$CBHW4mxClassID@@@std@@PEAX@std@@@std@@@std@@QEAA@AEBV?$allocator@U?$_Tree_node@U?$pair@$$CBHW4mxClassID@@@std@@PEAX@std@@@1@@Z 0000000180003810 f i mex_opencv_2.4:MxArray.obj
 0001:00002820       ?_Copy@?$basic_string@DU?$char_traits@D@std@@V?$allocator@D@2@@std@@QEAAX_K0@Z 0000000180003820 f i diversity.obj
 0001:00002930       ??$toVector@M@MxArray@@QEBA?AV?$vector@MV?$allocator@M@std@@@std@@XZ 0000000180003930 f i diversity.obj
 0001:00002a50       ??0?$vector@MV?$allocator@M@std@@@std@@QEAA@_K@Z 0000000180003a50 f i diversity.obj
 0001:00002ab0       ??$at@M@MxArray@@QEBAM_K@Z 0000000180003ab0 f i diversity.obj
 0001:00002d00       ?excapsulate@@YA?AV?$basic_string@DU?$char_traits@D@std@@V?$allocator@D@2@@std@@V12@0@Z 0000000180003d00 f   main.obj
 0001:00002de0       ?BuildInputErrMessage@@YA?AV?$basic_string@DU?$char_traits@D@std@@V?$allocator@D@2@@std@@XZ 0000000180003de0 f   main.obj
 0001:00003140       ??_D?$basic_ostringstream@DU?$char_traits@D@std@@V?$allocator@D@2@@std@@QEAAXXZ 0000000180004140 f i main.obj
 0001:00003170       mexFunction                0000000180004170 f   main.obj
 0001:000036f0       ??0?$basic_string@DU?$char_traits@D@std@@V?$allocator@D@2@@std@@QEAA@$$QEAV01@@Z 00000001800046f0 f i main.obj
 0001:00003770       ??0?$vector@PEBDV?$allocator@PEBD@std@@@std@@QEAA@AEBV01@@Z 0000000180004770 f i main.obj
 0001:00003840       ??0?$basic_ostringstream@DU?$char_traits@D@std@@V?$allocator@D@2@@std@@QEAA@H@Z 0000000180004840 f i main.obj
 0001:00003900       ??1?$basic_ostringstream@DU?$char_traits@D@std@@V?$allocator@D@2@@std@@UEAA@XZ 0000000180004900 f i main.obj
 0001:000039b0       ?str@?$basic_ostringstream@DU?$char_traits@D@std@@V?$allocator@D@2@@std@@QEBA?AV?$basic_string@DU?$char_traits@D@std@@V?$allocator@D@2@@2@XZ 00000001800049b0 f i main.obj
 0001:000039e0       ?overflow@?$basic_stringbuf@DU?$char_traits@D@std@@V?$allocator@D@2@@std@@MEAAHH@Z 00000001800049e0 f i main.obj
 0001:00003c40       ?pbackfail@?$basic_stringbuf@DU?$char_traits@D@std@@V?$allocator@D@2@@std@@MEAAHH@Z 0000000180004c40 f i main.obj
 0001:00003c90       ?underflow@?$basic_stringbuf@DU?$char_traits@D@std@@V?$allocator@D@2@@std@@MEAAHXZ 0000000180004c90 f i main.obj
 0001:00003cf0       ?seekoff@?$basic_stringbuf@DU?$char_traits@D@std@@V?$allocator@D@2@@std@@MEAA?AV?$fpos@H@2@_JHH@Z 0000000180004cf0 f i main.obj
 0001:00003e80       ?seekpos@?$basic_stringbuf@DU?$char_traits@D@std@@V?$allocator@D@2@@std@@MEAA?AV?$fpos@H@2@V32@H@Z 0000000180004e80 f i main.obj
 0001:00003f90       ??_E?$basic_ostringstream@DU?$char_traits@D@std@@V?$allocator@D@2@@std@@UEAAPEAXI@Z 0000000180004f90 f i * CIL library *:* CIL module *
 0001:00003f90       ??_G?$basic_ostringstream@DU?$char_traits@D@std@@V?$allocator@D@2@@std@@UEAAPEAXI@Z 0000000180004f90 f i main.obj
 0001:00003ff0       ??_G?$basic_stringbuf@DU?$char_traits@D@std@@V?$allocator@D@2@@std@@UEAAPEAXI@Z 0000000180004ff0 f i main.obj
 0001:00003ff0       ??_E?$basic_stringbuf@DU?$char_traits@D@std@@V?$allocator@D@2@@std@@UEAAPEAXI@Z 0000000180004ff0 f i * CIL library *:* CIL module *
 0001:00004080       ?_Assign_rv@?$basic_string@DU?$char_traits@D@std@@V?$allocator@D@2@@std@@QEAAX$$QEAV12@@Z 0000000180005080 f i main.obj
 0001:000040f0       ?append@?$basic_string@DU?$char_traits@D@std@@V?$allocator@D@2@@std@@QEAAAEAV12@AEBV12@_K1@Z 00000001800050f0 f i main.obj
 0001:00004210       ?append@?$basic_string@DU?$char_traits@D@std@@V?$allocator@D@2@@std@@QEAAAEAV12@PEBD_K@Z 0000000180005210 f i main.obj
 0001:00004360       ?str@?$basic_stringbuf@DU?$char_traits@D@std@@V?$allocator@D@2@@std@@QEBA?AV?$basic_string@DU?$char_traits@D@std@@V?$allocator@D@2@@2@XZ 0000000180005360 f i main.obj
 0001:000044f0       ??1sentry@?$basic_ostream@DU?$char_traits@D@std@@@std@@QEAA@XZ 00000001800054f0 f i main.obj
 0001:00004540       ??1_Sentry_base@?$basic_ostream@DU?$char_traits@D@std@@@std@@QEAA@XZ 0000000180005540 f i main.obj
 0001:00004560       ??$?HDU?$char_traits@D@std@@V?$allocator@D@1@@std@@YA?AV?$basic_string@DU?$char_traits@D@std@@V?$allocator@D@2@@0@AEBV10@0@Z 0000000180005560 f i main.obj
 0001:00004620       ??$?HDU?$char_traits@D@std@@V?$allocator@D@1@@std@@YA?AV?$basic_string@DU?$char_traits@D@std@@V?$allocator@D@2@@0@$$QEAV10@AEBV10@@Z 0000000180005620 f i main.obj
 0001:00004660       ??$?6U?$char_traits@D@std@@@std@@YAAEAV?$basic_ostream@DU?$char_traits@D@std@@@0@AEAV10@PEBD@Z 0000000180005660 f i main.obj
 0001:00004830       ??$?6DU?$char_traits@D@std@@V?$allocator@D@1@@std@@YAAEAV?$basic_ostream@DU?$char_traits@D@std@@@0@AEAV10@AEBV?$basic_string@DU?$char_traits@D@std@@V?$allocator@D@2@@0@@Z 0000000180005830 f i main.obj
 0001:00004a00       ??$?HDU?$char_traits@D@std@@V?$allocator@D@1@@std@@YA?AV?$basic_string@DU?$char_traits@D@std@@V?$allocator@D@2@@0@$$QEAV10@0@Z 0000000180005a00 f i main.obj
 0001:00004a70       ??$stringJoin@PEBD@@YA?AV?$basic_string@DU?$char_traits@D@std@@V?$allocator@D@2@@std@@V01@V?$vector@PEBDV?$allocator@PEBD@std@@@1@@Z 0000000180005a70 f i main.obj
 0001:00004c60       ??$?6U?$char_traits@D@std@@@std@@YAAEAV?$basic_ostream@DU?$char_traits@D@std@@@0@AEAV10@D@Z 0000000180005c60 f i main.obj
 0001:00004e10       ?insert@?$basic_string@DU?$char_traits@D@std@@V?$allocator@D@2@@std@@QEAAAEAV12@_KAEBV12@00@Z 0000000180005e10 f i main.obj
 0001:00004f40       ??$_Insert@PEBQEBD@?$vector@PEBDV?$allocator@PEBD@std@@@std@@QEAAXV?$_Vector_const_iterator@V?$_Vector_val@U?$_Simple_types@PEBD@std@@@std@@@1@PEBQEBD1Uforward_iterator_tag@1@@Z 0000000180005f40 f i main.obj
 0001:00005120       ??$_Rotate@PEAPEBD_JPEBD@std@@YAXPEAPEBD00PEA_J0@Z 0000000180006120 f i main.obj
 0001:000051dc       ??_E?$basic_ostringstream@DU?$char_traits@D@std@@V?$allocator@D@2@@std@@$4PPPPPPPM@A@EAAPEAXI@Z 00000001800061dc f i main.obj
 0001:000051f0       ??1bad_alloc@std@@UEAA@XZ  00000001800061f0 f i deformableDiversity.obj
 0001:00005210       ??_Ebad_alloc@std@@UEAAPEAXI@Z 0000000180006210 f i * CIL library *:* CIL module *
 0001:00005210       ??_Gbad_alloc@std@@UEAAPEAXI@Z 0000000180006210 f i deformableDiversity.obj
 0001:00005250       ?throw_std_bad_alloc@internal@Eigen@@YAXXZ 0000000180006250 f i deformableDiversity.obj
 0001:000052a0       ??0bad_alloc@std@@QEAA@AEBV01@@Z 00000001800062a0 f i deformableDiversity.obj
 0001:000052d0       ??0CountArray@dis@@QEAA@H@Z 00000001800062d0 f i deformableDiversity.obj
 0001:00005380       ??0DeformableDiversityWeightArray@dis@@QEAA@HN@Z 0000000180006380 f i deformableDiversity.obj
 0001:00005490       ??1thread@std@@QEAA@XZ     0000000180006490 f i deformableDiversity.obj
 0001:000054b0       ?calculateOneWindowScore@@YANAEAV?$Window@H@dis@@AEBV?$Map@V?$Matrix@H$0?0$0?0$0A@$0?0$0?0@Eigen@@$0A@V?$Stride@$0A@$0A@@2@@Eigen@@VDeformableDiversityWeightArray@2@@Z 00000001800064b0 f   deformableDiversity.obj
 0001:00005710       ??1DeformableDiversityWeightArray@dis@@QEAA@XZ 0000000180006710 f i deformableDiversity.obj
 0001:00005760       ?CalcDDISRasterScan@@YAXV?$Mat@H@dis@@HHAEBV?$Map@V?$Matrix@H$0?0$0?0$0A@$0?0$0?0@Eigen@@$0A@V?$Stride@$0A@$0A@@2@@Eigen@@NAEAV?$Mat@M@2@HHPEAH@Z 0000000180006760 f   deformableDiversity.obj
 0001:00005fb0       ?CalcDDISRasterScan_ThreadFunc@@YAXUddisScanParams@@@Z 0000000180006fb0 f   deformableDiversity.obj
 0001:00006010       ?LoadXyPositions@@YA?AV?$Map@V?$Matrix@H$0?0$0?0$0A@$0?0$0?0@Eigen@@$0A@V?$Stride@$0A@$0A@@2@@Eigen@@PEAPEBUmxArray_tag@@@Z 0000000180007010 f   deformableDiversity.obj
 0001:00006150       ?DeformableDiversity@dis@@YAXPEAPEAUmxArray_tag@@HPEAPEBU2@I@Z 0000000180007150 f   deformableDiversity.obj
 0001:00006740       ??0?$vector@NV?$allocator@N@std@@@std@@QEAA@AEBV01@@Z 0000000180007740 f i deformableDiversity.obj
 0001:000067b0       ??0?$vector@UddisScanParams@@V?$allocator@UddisScanParams@@@std@@@std@@QEAA@_K@Z 00000001800077b0 f i deformableDiversity.obj
 0001:00006830       ??0?$vector@Vthread@std@@V?$allocator@Vthread@std@@@2@@std@@QEAA@_K@Z 0000000180007830 f i deformableDiversity.obj
 0001:000068d0       ??1?$vector@Vthread@std@@V?$allocator@Vthread@std@@@2@@std@@QEAA@XZ 00000001800078d0 f i deformableDiversity.obj
 0001:00006930       ?_Construct_n@?$vector@NV?$allocator@N@std@@@std@@QEAAX_KPEBN@Z 0000000180007930 f i deformableDiversity.obj
 0001:00006990       ?_Buy@?$vector@NV?$allocator@N@std@@@std@@IEAA_N_K@Z 0000000180007990 f i deformableDiversity.obj
 0001:00006a10       ?run@?$inplace_transpose_selector@V?$Map@V?$Matrix@H$0?0$0?0$0A@$0?0$0?0@Eigen@@$0A@V?$Stride@$0A@$0A@@2@@Eigen@@$0A@@internal@Eigen@@SAXAEAV?$Map@V?$Matrix@H$0?0$0?0$0A@$0?0$0?0@Eigen@@$0A@V?$Stride@$0A@$0A@@2@@3@@Z 0000000180007a10 f i deformableDiversity.obj
 0001:00006b60       ??1?$PlainObjectBase@V?$Matrix@H$0?0$0?0$00$0?0$0?0@Eigen@@@Eigen@@QEAA@XZ 0000000180007b60 f i deformableDiversity.obj
 0001:00006b70       ?eval@?$DenseBase@V?$Transpose@V?$Map@V?$Matrix@H$0?0$0?0$0A@$0?0$0?0@Eigen@@$0A@V?$Stride@$0A@$0A@@2@@Eigen@@@Eigen@@@Eigen@@QEBA?BV?$Matrix@H$0?0$0?0$00$0?0$0?0@2@XZ 0000000180007b70 f i deformableDiversity.obj
 0001:00006d80       ??$_Uninit_def_fill_n@PEAVthread@std@@_KV?$allocator@Vthread@std@@@2@V12@@std@@YAXPEAVthread@0@_KAEAU?$_Wrap_alloc@V?$allocator@Vthread@std@@@std@@@0@0U_Nonscalar_ptr_iterator_tag@0@@Z 0000000180007d80 f i deformableDiversity.obj
 0001:00006da0       ??1?$_LaunchPad@V?$_Bind@$00XQ6AXUddisScanParams@@@ZV?$reference_wrapper@UddisScanParams@@@std@@@std@@@std@@QEAA@XZ 0000000180007da0 f i deformableDiversity.obj
 0001:00006db0       ?_Go@?$_LaunchPad@V?$_Bind@$00XQ6AXUddisScanParams@@@ZV?$reference_wrapper@UddisScanParams@@@std@@@std@@@std@@UEAAIXZ 0000000180007db0 f i deformableDiversity.obj
 0001:00006e00       ??$conditional_aligned_new_auto@H$00@internal@Eigen@@YAPEAH_K@Z 0000000180007e00 f i deformableDiversity.obj
 0001:00006e60       ?run@?$triangular_assignment_selector@V?$SwapWrapper@V?$Map@V?$Matrix@H$0?0$0?0$0A@$0?0$0?0@Eigen@@$0A@V?$Stride@$0A@$0A@@2@@Eigen@@@Eigen@@V?$Transpose@V?$Map@V?$Matrix@H$0?0$0?0$0A@$0?0$0?0@Eigen@@$0A@V?$Stride@$0A@$0A@@2@@Eigen@@@2@$09$0?0$0A@@internal@Eigen@@SAXAEAV?$SwapWrapper@V?$Map@V?$Matrix@H$0?0$0?0$0A@$0?0$0?0@Eigen@@$0A@V?$Stride@$0A@$0A@@2@@Eigen@@@3@AEBV?$Transpose@V?$Map@V?$Matrix@H$0?0$0?0$0A@$0?0$0?0@Eigen@@$0A@V?$Stride@$0A@$0A@@2@@Eigen@@@3@@Z 0000000180007e60 f i deformableDiversity.obj
 0001:00006f50       ??$run@V?$Transpose@V?$Map@V?$Matrix@H$0?0$0?0$0A@$0?0$0?0@Eigen@@$0A@V?$Stride@$0A@$0A@@2@@Eigen@@@Eigen@@V?$Matrix@H$0?0$0?0$00$0?0$0?0@2@@?$unaligned_assign_impl@$0A@@internal@Eigen@@SAXAEBV?$Transpose@V?$Map@V?$Matrix@H$0?0$0?0$0A@$0?0$0?0@Eigen@@$0A@V?$Stride@$0A@$0A@@2@@Eigen@@@2@AEAV?$Matrix@H$0?0$0?0$00$0?0$0?0@2@_J2@Z 0000000180007f50 f i deformableDiversity.obj
 0001:00006f80       ?push_back@?$deque@JV?$allocator@J@std@@@std@@QEAAX$$QEAJ@Z 0000000180007f80 f i tictoc.obj
 0001:00007090       ?_Tidy@?$deque@JV?$allocator@J@std@@@std@@IEAAXXZ 0000000180008090 f i tictoc.obj
 0001:00007140       ?_Growmap@?$deque@JV?$allocator@J@std@@@std@@IEAAX_K@Z 0000000180008140 f i tictoc.obj
 0001:00007320       ??1?$map@HW4mxClassID@@U?$less@H@std@@V?$allocator@U?$pair@$$CBHW4mxClassID@@@std@@@3@@std@@QEAA@XZ 0000000180008320 f i mex_opencv_2.4:MxArray.obj
 0001:00007320       ??1?$map@W4mxClassID@@HU?$less@W4mxClassID@@@std@@V?$allocator@U?$pair@$$CBW4mxClassID@@H@std@@@3@@std@@QEAA@XZ 0000000180008320 f i mex_opencv_2.4:MxArray.obj
 0001:00007320       ??1?$ConstMap@HW4mxClassID@@@@QEAA@XZ 0000000180008320 f i mex_opencv_2.4:MxArray.obj
 0001:00007320       ??1?$ConstMap@W4mxClassID@@H@@QEAA@XZ 0000000180008320 f i mex_opencv_2.4:MxArray.obj
 0001:00007350       ??1?$map@HV?$basic_string@DU?$char_traits@D@std@@V?$allocator@D@2@@std@@U?$less@H@2@V?$allocator@U?$pair@$$CBHV?$basic_string@DU?$char_traits@D@std@@V?$allocator@D@2@@std@@@std@@@2@@std@@QEAA@XZ 0000000180008350 f i mex_opencv_2.4:MxArray.obj
 0001:00007350       ??1?$ConstMap@HV?$basic_string@DU?$char_traits@D@std@@V?$allocator@D@2@@std@@@@QEAA@XZ 0000000180008350 f i mex_opencv_2.4:MxArray.obj
 0001:00007380       ??1?$ConstMap@V?$basic_string@DU?$char_traits@D@std@@V?$allocator@D@2@@std@@H@@QEAA@XZ 0000000180008380 f i mex_opencv_2.4:MxArray.obj
 0001:00007380       ??1?$map@V?$basic_string@DU?$char_traits@D@std@@V?$allocator@D@2@@std@@HU?$less@V?$basic_string@DU?$char_traits@D@std@@V?$allocator@D@2@@std@@@2@V?$allocator@U?$pair@$$CBV?$basic_string@DU?$char_traits@D@std@@V?$allocator@D@2@@std@@H@std@@@2@@std@@QEAA@XZ 0000000180008380 f i mex_opencv_2.4:MxArray.obj
 0001:000073b0       ?toString@MxArray@@QEBA?AV?$basic_string@DU?$char_traits@D@std@@V?$allocator@D@2@@std@@XZ 00000001800083b0 f   mex_opencv_2.4:MxArray.obj
 0001:00007450       ?compare@?$basic_string@DU?$char_traits@D@std@@V?$allocator@D@2@@std@@QEBAHAEBV12@@Z 0000000180008450 f i mex_opencv_2.4:MxArray.obj
 0001:000074d0       ??1?$_Tree_comp@$0A@V?$_Tmap_traits@HW4mxClassID@@U?$less@H@std@@V?$allocator@U?$pair@$$CBHW4mxClassID@@@std@@@3@$0A@@std@@@std@@QEAA@XZ 00000001800084d0 f i mex_opencv_2.4:MxArray.obj
 0001:000074d0       ??1?$_Tree_comp@$0A@V?$_Tmap_traits@W4mxClassID@@HU?$less@W4mxClassID@@@std@@V?$allocator@U?$pair@$$CBW4mxClassID@@H@std@@@3@$0A@@std@@@std@@QEAA@XZ 00000001800084d0 f i mex_opencv_2.4:MxArray.obj
 0001:000074d0       ??1?$_Tree_comp@$0A@V?$_Tmap_traits@HV?$basic_string@DU?$char_traits@D@std@@V?$allocator@D@2@@std@@U?$less@H@2@V?$allocator@U?$pair@$$CBHV?$basic_string@DU?$char_traits@D@std@@V?$allocator@D@2@@std@@@std@@@2@$0A@@std@@@std@@QEAA@XZ 00000001800084d0 f i mex_opencv_2.4:MxArray.obj
 0001:000074d0       ??1?$_Tree_comp@$0A@V?$_Tmap_traits@V?$basic_string@DU?$char_traits@D@std@@V?$allocator@D@2@@std@@HU?$less@V?$basic_string@DU?$char_traits@D@std@@V?$allocator@D@2@@std@@@2@V?$allocator@U?$pair@$$CBV?$basic_string@DU?$char_traits@D@std@@V?$allocator@D@2@@std@@H@std@@@2@$0A@@std@@@std@@QEAA@XZ 00000001800084d0 f i mex_opencv_2.4:MxArray.obj
 0001:000074e0       ??0?$_Tree@V?$_Tmap_traits@V?$basic_string@DU?$char_traits@D@std@@V?$allocator@D@2@@std@@HU?$less@V?$basic_string@DU?$char_traits@D@std@@V?$allocator@D@2@@std@@@2@V?$allocator@U?$pair@$$CBV?$basic_string@DU?$char_traits@D@std@@V?$allocator@D@2@@std@@H@std@@@2@$0A@@std@@@std@@QEAA@AEBV01@AEBV?$allocator@U?$pair@$$CBV?$basic_string@DU?$char_traits@D@std@@V?$allocator@D@2@@std@@H@std@@@1@@Z 00000001800084e0 f i mex_opencv_2.4:MxArray.obj
 0001:00007540       ??0?$_Tree@V?$_Tmap_traits@W4mxClassID@@HU?$less@W4mxClassID@@@std@@V?$allocator@U?$pair@$$CBW4mxClassID@@H@std@@@3@$0A@@std@@@std@@QEAA@AEBV01@AEBV?$allocator@U?$pair@$$CBW4mxClassID@@H@std@@@1@@Z 0000000180008540 f i mex_opencv_2.4:MxArray.obj
 0001:000075a0       ??0?$_Tree@V?$_Tmap_traits@HW4mxClassID@@U?$less@H@std@@V?$allocator@U?$pair@$$CBHW4mxClassID@@@std@@@3@$0A@@std@@@std@@QEAA@AEBV01@AEBV?$allocator@U?$pair@$$CBHW4mxClassID@@@std@@@1@@Z 00000001800085a0 f i mex_opencv_2.4:MxArray.obj
 0001:00007600       ??0?$_Tree@V?$_Tmap_traits@HV?$basic_string@DU?$char_traits@D@std@@V?$allocator@D@2@@std@@U?$less@H@2@V?$allocator@U?$pair@$$CBHV?$basic_string@DU?$char_traits@D@std@@V?$allocator@D@2@@std@@@std@@@2@$0A@@std@@@std@@QEAA@AEBV01@AEBV?$allocator@U?$pair@$$CBHV?$basic_string@DU?$char_traits@D@std@@V?$allocator@D@2@@std@@@std@@@1@@Z 0000000180008600 f i mex_opencv_2.4:MxArray.obj
 0001:00007660       ?erase@?$_Tree@V?$_Tmap_traits@V?$basic_string@DU?$char_traits@D@std@@V?$allocator@D@2@@std@@HU?$less@V?$basic_string@DU?$char_traits@D@std@@V?$allocator@D@2@@std@@@2@V?$allocator@U?$pair@$$CBV?$basic_string@DU?$char_traits@D@std@@V?$allocator@D@2@@std@@H@std@@@2@$0A@@std@@@std@@QEAA?AV?$_Tree_iterator@V?$_Tree_val@U?$_Tree_simple_types@U?$pair@$$CBV?$basic_string@DU?$char_traits@D@std@@V?$allocator@D@2@@std@@H@std@@@std@@@std@@@2@V?$_Tree_const_iterator@V?$_Tree_val@U?$_Tree_simple_types@U?$pair@$$CBV?$basic_string@DU?$char_traits@D@std@@V?$allocator@D@2@@std@@H@std@@@std@@@std@@@2@0@Z 0000000180008660 f i mex_opencv_2.4:MxArray.obj
 0001:00007750       ?erase@?$_Tree@V?$_Tmap_traits@W4mxClassID@@HU?$less@W4mxClassID@@@std@@V?$allocator@U?$pair@$$CBW4mxClassID@@H@std@@@3@$0A@@std@@@std@@QEAA?AV?$_Tree_iterator@V?$_Tree_val@U?$_Tree_simple_types@U?$pair@$$CBW4mxClassID@@H@std@@@std@@@std@@@2@V?$_Tree_const_iterator@V?$_Tree_val@U?$_Tree_simple_types@U?$pair@$$CBW4mxClassID@@H@std@@@std@@@std@@@2@0@Z 0000000180008750 f i mex_opencv_2.4:MxArray.obj
 0001:00007750       ?erase@?$_Tree@V?$_Tmap_traits@HW4mxClassID@@U?$less@H@std@@V?$allocator@U?$pair@$$CBHW4mxClassID@@@std@@@3@$0A@@std@@@std@@QEAA?AV?$_Tree_iterator@V?$_Tree_val@U?$_Tree_simple_types@U?$pair@$$CBHW4mxClassID@@@std@@@std@@@std@@@2@V?$_Tree_const_iterator@V?$_Tree_val@U?$_Tree_simple_types@U?$pair@$$CBHW4mxClassID@@@std@@@std@@@std@@@2@0@Z 0000000180008750 f i mex_opencv_2.4:MxArray.obj
 0001:00007880       ?erase@?$_Tree@V?$_Tmap_traits@HV?$basic_string@DU?$char_traits@D@std@@V?$allocator@D@2@@std@@U?$less@H@2@V?$allocator@U?$pair@$$CBHV?$basic_string@DU?$char_traits@D@std@@V?$allocator@D@2@@std@@@std@@@2@$0A@@std@@@std@@QEAA?AV?$_Tree_iterator@V?$_Tree_val@U?$_Tree_simple_types@U?$pair@$$CBHV?$basic_string@DU?$char_traits@D@std@@V?$allocator@D@2@@std@@@std@@@std@@@std@@@2@V?$_Tree_const_iterator@V?$_Tree_val@U?$_Tree_simple_types@U?$pair@$$CBHV?$basic_string@DU?$char_traits@D@std@@V?$allocator@D@2@@std@@@std@@@std@@@std@@@2@0@Z 0000000180008880 f i mex_opencv_2.4:MxArray.obj
 0001:00007970       ?erase@?$_Tree@V?$_Tmap_traits@V?$basic_string@DU?$char_traits@D@std@@V?$allocator@D@2@@std@@HU?$less@V?$basic_string@DU?$char_traits@D@std@@V?$allocator@D@2@@std@@@2@V?$allocator@U?$pair@$$CBV?$basic_string@DU?$char_traits@D@std@@V?$allocator@D@2@@std@@H@std@@@2@$0A@@std@@@std@@QEAA?AV?$_Tree_iterator@V?$_Tree_val@U?$_Tree_simple_types@U?$pair@$$CBV?$basic_string@DU?$char_traits@D@std@@V?$allocator@D@2@@std@@H@std@@@std@@@std@@@2@V?$_Tree_const_iterator@V?$_Tree_val@U?$_Tree_simple_types@U?$pair@$$CBV?$basic_string@DU?$char_traits@D@std@@V?$allocator@D@2@@std@@H@std@@@std@@@std@@@2@@Z 0000000180008970 f i mex_opencv_2.4:MxArray.obj
 0001:00007dd0       ?select_on_container_copy_construction@?$allocator@U?$_Tree_node@U?$pair@$$CBW4mxClassID@@H@std@@PEAX@std@@@std@@QEBA?AV12@XZ 0000000180008dd0 f i mex_opencv_2.4:MxArray.obj
 0001:00007dd0       ?select_on_container_copy_construction@?$allocator@U?$_Tree_node@U?$pair@$$CBHV?$basic_string@DU?$char_traits@D@std@@V?$allocator@D@2@@std@@@std@@PEAX@std@@@std@@QEBA?AV12@XZ 0000000180008dd0 f i mex_opencv_2.4:MxArray.obj
 0001:00007dd0       ?select_on_container_copy_construction@?$allocator@U?$_Tree_node@U?$pair@$$CBV?$basic_string@DU?$char_traits@D@std@@V?$allocator@D@2@@std@@H@std@@PEAX@std@@@std@@QEBA?AV12@XZ 0000000180008dd0 f i mex_opencv_2.4:MxArray.obj
 0001:00007dd0       ?select_on_container_copy_construction@?$allocator@U?$_Tree_node@U?$pair@$$CBHW4mxClassID@@@std@@PEAX@std@@@std@@QEBA?AV12@XZ 0000000180008dd0 f i mex_opencv_2.4:MxArray.obj
 0001:00007de0       ?erase@?$_Tree@V?$_Tmap_traits@W4mxClassID@@HU?$less@W4mxClassID@@@std@@V?$allocator@U?$pair@$$CBW4mxClassID@@H@std@@@3@$0A@@std@@@std@@QEAA?AV?$_Tree_iterator@V?$_Tree_val@U?$_Tree_simple_types@U?$pair@$$CBW4mxClassID@@H@std@@@std@@@std@@@2@V?$_Tree_const_iterator@V?$_Tree_val@U?$_Tree_simple_types@U?$pair@$$CBW4mxClassID@@H@std@@@std@@@std@@@2@@Z 0000000180008de0 f i mex_opencv_2.4:MxArray.obj
 0001:00007de0       ?erase@?$_Tree@V?$_Tmap_traits@HW4mxClassID@@U?$less@H@std@@V?$allocator@U?$pair@$$CBHW4mxClassID@@@std@@@3@$0A@@std@@@std@@QEAA?AV?$_Tree_iterator@V?$_Tree_val@U?$_Tree_simple_types@U?$pair@$$CBHW4mxClassID@@@std@@@std@@@std@@@2@V?$_Tree_const_iterator@V?$_Tree_val@U?$_Tree_simple_types@U?$pair@$$CBHW4mxClassID@@@std@@@std@@@std@@@2@@Z 0000000180008de0 f i mex_opencv_2.4:MxArray.obj
 0001:00008210       ?erase@?$_Tree@V?$_Tmap_traits@HV?$basic_string@DU?$char_traits@D@std@@V?$allocator@D@2@@std@@U?$less@H@2@V?$allocator@U?$pair@$$CBHV?$basic_string@DU?$char_traits@D@std@@V?$allocator@D@2@@std@@@std@@@2@$0A@@std@@@std@@QEAA?AV?$_Tree_iterator@V?$_Tree_val@U?$_Tree_simple_types@U?$pair@$$CBHV?$basic_string@DU?$char_traits@D@std@@V?$allocator@D@2@@std@@@std@@@std@@@std@@@2@V?$_Tree_const_iterator@V?$_Tree_val@U?$_Tree_simple_types@U?$pair@$$CBHV?$basic_string@DU?$char_traits@D@std@@V?$allocator@D@2@@std@@@std@@@std@@@std@@@2@@Z 0000000180009210 f i mex_opencv_2.4:MxArray.obj
 0001:00008670       ?_Erase@?$_Tree@V?$_Tmap_traits@V?$basic_string@DU?$char_traits@D@std@@V?$allocator@D@2@@std@@HU?$less@V?$basic_string@DU?$char_traits@D@std@@V?$allocator@D@2@@std@@@2@V?$allocator@U?$pair@$$CBV?$basic_string@DU?$char_traits@D@std@@V?$allocator@D@2@@std@@H@std@@@2@$0A@@std@@@std@@IEAAXPEAU?$_Tree_node@U?$pair@$$CBV?$basic_string@DU?$char_traits@D@std@@V?$allocator@D@2@@std@@H@std@@PEAX@2@@Z 0000000180009670 f i mex_opencv_2.4:MxArray.obj
 0001:00008700       ?_Lrotate@?$_Tree@V?$_Tmap_traits@W4mxClassID@@HU?$less@W4mxClassID@@@std@@V?$allocator@U?$pair@$$CBW4mxClassID@@H@std@@@3@$0A@@std@@@std@@IEAAXPEAU?$_Tree_node@U?$pair@$$CBW4mxClassID@@H@std@@PEAX@2@@Z 0000000180009700 f i mex_opencv_2.4:MxArray.obj
 0001:00008700       ?_Lrotate@?$_Tree@V?$_Tmap_traits@V?$basic_string@DU?$char_traits@D@std@@V?$allocator@D@2@@std@@HU?$less@V?$basic_string@DU?$char_traits@D@std@@V?$allocator@D@2@@std@@@2@V?$allocator@U?$pair@$$CBV?$basic_string@DU?$char_traits@D@std@@V?$allocator@D@2@@std@@H@std@@@2@$0A@@std@@@std@@IEAAXPEAU?$_Tree_node@U?$pair@$$CBV?$basic_string@DU?$char_traits@D@std@@V?$allocator@D@2@@std@@H@std@@PEAX@2@@Z 0000000180009700 f i mex_opencv_2.4:MxArray.obj
 0001:00008700       ?_Lrotate@?$_Tree@V?$_Tmap_traits@HW4mxClassID@@U?$less@H@std@@V?$allocator@U?$pair@$$CBHW4mxClassID@@@std@@@3@$0A@@std@@@std@@IEAAXPEAU?$_Tree_node@U?$pair@$$CBHW4mxClassID@@@std@@PEAX@2@@Z 0000000180009700 f i mex_opencv_2.4:MxArray.obj
 0001:00008700       ?_Lrotate@?$_Tree@V?$_Tmap_traits@HV?$basic_string@DU?$char_traits@D@std@@V?$allocator@D@2@@std@@U?$less@H@2@V?$allocator@U?$pair@$$CBHV?$basic_string@DU?$char_traits@D@std@@V?$allocator@D@2@@std@@@std@@@2@$0A@@std@@@std@@IEAAXPEAU?$_Tree_node@U?$pair@$$CBHV?$basic_string@DU?$char_traits@D@std@@V?$allocator@D@2@@std@@@std@@PEAX@2@@Z 0000000180009700 f i mex_opencv_2.4:MxArray.obj
 0001:00008760       ?_Rrotate@?$_Tree@V?$_Tmap_traits@HV?$basic_string@DU?$char_traits@D@std@@V?$allocator@D@2@@std@@U?$less@H@2@V?$allocator@U?$pair@$$CBHV?$basic_string@DU?$char_traits@D@std@@V?$allocator@D@2@@std@@@std@@@2@$0A@@std@@@std@@IEAAXPEAU?$_Tree_node@U?$pair@$$CBHV?$basic_string@DU?$char_traits@D@std@@V?$allocator@D@2@@std@@@std@@PEAX@2@@Z 0000000180009760 f i mex_opencv_2.4:MxArray.obj
 0001:00008760       ?_Rrotate@?$_Tree@V?$_Tmap_traits@HW4mxClassID@@U?$less@H@std@@V?$allocator@U?$pair@$$CBHW4mxClassID@@@std@@@3@$0A@@std@@@std@@IEAAXPEAU?$_Tree_node@U?$pair@$$CBHW4mxClassID@@@std@@PEAX@2@@Z 0000000180009760 f i mex_opencv_2.4:MxArray.obj
 0001:00008760       ?_Rrotate@?$_Tree@V?$_Tmap_traits@W4mxClassID@@HU?$less@W4mxClassID@@@std@@V?$allocator@U?$pair@$$CBW4mxClassID@@H@std@@@3@$0A@@std@@@std@@IEAAXPEAU?$_Tree_node@U?$pair@$$CBW4mxClassID@@H@std@@PEAX@2@@Z 0000000180009760 f i mex_opencv_2.4:MxArray.obj
 0001:00008760       ?_Rrotate@?$_Tree@V?$_Tmap_traits@V?$basic_string@DU?$char_traits@D@std@@V?$allocator@D@2@@std@@HU?$less@V?$basic_string@DU?$char_traits@D@std@@V?$allocator@D@2@@std@@@2@V?$allocator@U?$pair@$$CBV?$basic_string@DU?$char_traits@D@std@@V?$allocator@D@2@@std@@H@std@@@2@$0A@@std@@@std@@IEAAXPEAU?$_Tree_node@U?$pair@$$CBV?$basic_string@DU?$char_traits@D@std@@V?$allocator@D@2@@std@@H@std@@PEAX@2@@Z 0000000180009760 f i mex_opencv_2.4:MxArray.obj
 0001:000087c0       ?_Erase@?$_Tree@V?$_Tmap_traits@W4mxClassID@@HU?$less@W4mxClassID@@@std@@V?$allocator@U?$pair@$$CBW4mxClassID@@H@std@@@3@$0A@@std@@@std@@IEAAXPEAU?$_Tree_node@U?$pair@$$CBW4mxClassID@@H@std@@PEAX@2@@Z 00000001800097c0 f i mex_opencv_2.4:MxArray.obj
 0001:000087c0       ?_Erase@?$_Tree@V?$_Tmap_traits@HW4mxClassID@@U?$less@H@std@@V?$allocator@U?$pair@$$CBHW4mxClassID@@@std@@@3@$0A@@std@@@std@@IEAAXPEAU?$_Tree_node@U?$pair@$$CBHW4mxClassID@@@std@@PEAX@2@@Z 00000001800097c0 f i mex_opencv_2.4:MxArray.obj
 0001:00008820       ?_Erase@?$_Tree@V?$_Tmap_traits@HV?$basic_string@DU?$char_traits@D@std@@V?$allocator@D@2@@std@@U?$less@H@2@V?$allocator@U?$pair@$$CBHV?$basic_string@DU?$char_traits@D@std@@V?$allocator@D@2@@std@@@std@@@2@$0A@@std@@@std@@IEAAXPEAU?$_Tree_node@U?$pair@$$CBHV?$basic_string@DU?$char_traits@D@std@@V?$allocator@D@2@@std@@@std@@PEAX@2@@Z 0000000180009820 f i mex_opencv_2.4:MxArray.obj
 0001:000088b0       ?_Buyheadnode@?$_Tree_alloc@$0A@U?$_Tree_base_types@U?$pair@$$CBHV?$basic_string@DU?$char_traits@D@std@@V?$allocator@D@2@@std@@@std@@V?$allocator@U?$pair@$$CBHV?$basic_string@DU?$char_traits@D@std@@V?$allocator@D@2@@std@@@std@@@2@@std@@@std@@QEAAPEAU?$_Tree_node@U?$pair@$$CBHV?$basic_string@DU?$char_traits@D@std@@V?$allocator@D@2@@std@@@std@@PEAX@2@XZ 00000001800098b0 f i mex_opencv_2.4:MxArray.obj
 0001:000088b0       ?_Buyheadnode@?$_Tree_alloc@$0A@U?$_Tree_base_types@U?$pair@$$CBV?$basic_string@DU?$char_traits@D@std@@V?$allocator@D@2@@std@@H@std@@V?$allocator@U?$pair@$$CBV?$basic_string@DU?$char_traits@D@std@@V?$allocator@D@2@@std@@H@std@@@2@@std@@@std@@QEAAPEAU?$_Tree_node@U?$pair@$$CBV?$basic_string@DU?$char_traits@D@std@@V?$allocator@D@2@@std@@H@std@@PEAX@2@XZ 00000001800098b0 f i mex_opencv_2.4:MxArray.obj
 0001:00008900       ?_Buyheadnode@?$_Tree_alloc@$0A@U?$_Tree_base_types@U?$pair@$$CBHW4mxClassID@@@std@@V?$allocator@U?$pair@$$CBHW4mxClassID@@@std@@@2@@std@@@std@@QEAAPEAU?$_Tree_node@U?$pair@$$CBHW4mxClassID@@@std@@PEAX@2@XZ 0000000180009900 f i mex_opencv_2.4:MxArray.obj
 0001:00008900       ?_Buyheadnode@?$_Tree_alloc@$0A@U?$_Tree_base_types@U?$pair@$$CBW4mxClassID@@H@std@@V?$allocator@U?$pair@$$CBW4mxClassID@@H@std@@@2@@std@@@std@@QEAAPEAU?$_Tree_node@U?$pair@$$CBW4mxClassID@@H@std@@PEAX@2@XZ 0000000180009900 f i mex_opencv_2.4:MxArray.obj
 0001:00008950       ??$at@H@MxArray@@QEBAH_K@Z 0000000180009950 f i mex_opencv_2.4:MxArray.obj
 0001:00008ab0       ??$at@N@MxArray@@QEBAN_K@Z 0000000180009ab0 f i mex_opencv_2.4:MxArray.obj
 0001:00008cb0       ??$_Copy@U?$integral_constant@_N$0A@@std@@@?$_Tree@V?$_Tmap_traits@V?$basic_string@DU?$char_traits@D@std@@V?$allocator@D@2@@std@@HU?$less@V?$basic_string@DU?$char_traits@D@std@@V?$allocator@D@2@@std@@@2@V?$allocator@U?$pair@$$CBV?$basic_string@DU?$char_traits@D@std@@V?$allocator@D@2@@std@@H@std@@@2@$0A@@std@@@std@@IEAAXAEBV01@U?$integral_constant@_N$0A@@1@@Z 0000000180009cb0 f i mex_opencv_2.4:MxArray.obj
 0001:00008d80       ??$_Copy@U?$integral_constant@_N$0A@@std@@@?$_Tree@V?$_Tmap_traits@W4mxClassID@@HU?$less@W4mxClassID@@@std@@V?$allocator@U?$pair@$$CBW4mxClassID@@H@std@@@3@$0A@@std@@@std@@IEAAXAEBV01@U?$integral_constant@_N$0A@@1@@Z 0000000180009d80 f i mex_opencv_2.4:MxArray.obj
 0001:00008e50       ??$_Copy@U?$integral_constant@_N$0A@@std@@@?$_Tree@V?$_Tmap_traits@HW4mxClassID@@U?$less@H@std@@V?$allocator@U?$pair@$$CBHW4mxClassID@@@std@@@3@$0A@@std@@@std@@IEAAXAEBV01@U?$integral_constant@_N$0A@@1@@Z 0000000180009e50 f i mex_opencv_2.4:MxArray.obj
 0001:00008f20       ??$_Copy@U?$integral_constant@_N$0A@@std@@@?$_Tree@V?$_Tmap_traits@HV?$basic_string@DU?$char_traits@D@std@@V?$allocator@D@2@@std@@U?$less@H@2@V?$allocator@U?$pair@$$CBHV?$basic_string@DU?$char_traits@D@std@@V?$allocator@D@2@@std@@@std@@@2@$0A@@std@@@std@@IEAAXAEBV01@U?$integral_constant@_N$0A@@1@@Z 0000000180009f20 f i mex_opencv_2.4:MxArray.obj
 0001:00008ff0       ??$_Buynode@AEBUpiecewise_construct_t@std@@V?$tuple@AEBV?$basic_string@DU?$char_traits@D@std@@V?$allocator@D@2@@std@@@2@V?$tuple@$$$V@2@@?$_Tree_buy@U?$pair@$$CBV?$basic_string@DU?$char_traits@D@std@@V?$allocator@D@2@@std@@H@std@@V?$allocator@U?$pair@$$CBV?$basic_string@DU?$char_traits@D@std@@V?$allocator@D@2@@std@@H@std@@@2@@std@@QEAAPEAU?$_Tree_node@U?$pair@$$CBV?$basic_string@DU?$char_traits@D@std@@V?$allocator@D@2@@std@@H@std@@PEAX@1@AEBUpiecewise_construct_t@1@$$QEAV?$tuple@AEBV?$basic_string@DU?$char_traits@D@std@@V?$allocator@D@2@@std@@@1@$$QEAV?$tuple@$$$V@1@@Z 0000000180009ff0 f i mex_opencv_2.4:MxArray.obj
 0001:00009080       ??$_Insert_hint@AEAU?$pair@$$CBV?$basic_string@DU?$char_traits@D@std@@V?$allocator@D@2@@std@@H@std@@PEAU?$_Tree_node@U?$pair@$$CBV?$basic_string@DU?$char_traits@D@std@@V?$allocator@D@2@@std@@H@std@@PEAX@2@@?$_Tree@V?$_Tmap_traits@V?$basic_string@DU?$char_traits@D@std@@V?$allocator@D@2@@std@@HU?$less@V?$basic_string@DU?$char_traits@D@std@@V?$allocator@D@2@@std@@@2@V?$allocator@U?$pair@$$CBV?$basic_string@DU?$char_traits@D@std@@V?$allocator@D@2@@std@@H@std@@@2@$0A@@std@@@std@@IEAA?AV?$_Tree_iterator@V?$_Tree_val@U?$_Tree_simple_types@U?$pair@$$CBV?$basic_string@DU?$char_traits@D@std@@V?$allocator@D@2@@std@@H@std@@@std@@@std@@@1@V?$_Tree_const_iterator@V?$_Tree_val@U?$_Tree_simple_types@U?$pair@$$CBV?$basic_string@DU?$char_traits@D@std@@V?$allocator@D@2@@std@@H@std@@@std@@@std@@@1@AEAU?$pair@$$CBV?$basic_string@DU?$char_traits@D@std@@V?$allocator@D@2@@std@@H@1@PEAU?$_Tree_node@U?$pair@$$CBV?$basic_string@DU?$char_traits@D@std@@V?$allocator@D@2@@std@@H@std@@PEAX@1@@Z 000000018000a080 f i mex_opencv_2.4:MxArray.obj
 0001:00009310       ??$_Copy_nodes@U?$integral_constant@_N$0A@@std@@@?$_Tree@V?$_Tmap_traits@V?$basic_string@DU?$char_traits@D@std@@V?$allocator@D@2@@std@@HU?$less@V?$basic_string@DU?$char_traits@D@std@@V?$allocator@D@2@@std@@@2@V?$allocator@U?$pair@$$CBV?$basic_string@DU?$char_traits@D@std@@V?$allocator@D@2@@std@@H@std@@@2@$0A@@std@@@std@@IEAAPEAU?$_Tree_node@U?$pair@$$CBV?$basic_string@DU?$char_traits@D@std@@V?$allocator@D@2@@std@@H@std@@PEAX@1@PEAU21@0U?$integral_constant@_N$0A@@1@@Z 000000018000a310 f i mex_opencv_2.4:MxArray.obj
 0001:000093b0       ??$_Buynode@AEBUpiecewise_construct_t@std@@V?$tuple@AEBW4mxClassID@@@2@V?$tuple@$$$V@2@@?$_Tree_buy@U?$pair@$$CBW4mxClassID@@H@std@@V?$allocator@U?$pair@$$CBW4mxClassID@@H@std@@@2@@std@@QEAAPEAU?$_Tree_node@U?$pair@$$CBW4mxClassID@@H@std@@PEAX@1@AEBUpiecewise_construct_t@1@$$QEAV?$tuple@AEBW4mxClassID@@@1@$$QEAV?$tuple@$$$V@1@@Z 000000018000a3b0 f i mex_opencv_2.4:MxArray.obj
 0001:000093b0       ??$_Buynode@AEBUpiecewise_construct_t@std@@V?$tuple@AEBH@2@V?$tuple@$$$V@2@@?$_Tree_buy@U?$pair@$$CBHW4mxClassID@@@std@@V?$allocator@U?$pair@$$CBHW4mxClassID@@@std@@@2@@std@@QEAAPEAU?$_Tree_node@U?$pair@$$CBHW4mxClassID@@@std@@PEAX@1@AEBUpiecewise_construct_t@1@$$QEAV?$tuple@AEBH@1@$$QEAV?$tuple@$$$V@1@@Z 000000018000a3b0 f i mex_opencv_2.4:MxArray.obj
 0001:000093f0       ??$_Insert_hint@AEAU?$pair@$$CBW4mxClassID@@H@std@@PEAU?$_Tree_node@U?$pair@$$CBW4mxClassID@@H@std@@PEAX@2@@?$_Tree@V?$_Tmap_traits@W4mxClassID@@HU?$less@W4mxClassID@@@std@@V?$allocator@U?$pair@$$CBW4mxClassID@@H@std@@@3@$0A@@std@@@std@@IEAA?AV?$_Tree_iterator@V?$_Tree_val@U?$_Tree_simple_types@U?$pair@$$CBW4mxClassID@@H@std@@@std@@@std@@@1@V?$_Tree_const_iterator@V?$_Tree_val@U?$_Tree_simple_types@U?$pair@$$CBW4mxClassID@@H@std@@@std@@@std@@@1@AEAU?$pair@$$CBW4mxClassID@@H@1@PEAU?$_Tree_node@U?$pair@$$CBW4mxClassID@@H@std@@PEAX@1@@Z 000000018000a3f0 f i mex_opencv_2.4:MxArray.obj
 0001:000093f0       ??$_Insert_hint@AEAU?$pair@$$CBHW4mxClassID@@@std@@PEAU?$_Tree_node@U?$pair@$$CBHW4mxClassID@@@std@@PEAX@2@@?$_Tree@V?$_Tmap_traits@HW4mxClassID@@U?$less@H@std@@V?$allocator@U?$pair@$$CBHW4mxClassID@@@std@@@3@$0A@@std@@@std@@IEAA?AV?$_Tree_iterator@V?$_Tree_val@U?$_Tree_simple_types@U?$pair@$$CBHW4mxClassID@@@std@@@std@@@std@@@1@V?$_Tree_const_iterator@V?$_Tree_val@U?$_Tree_simple_types@U?$pair@$$CBHW4mxClassID@@@std@@@std@@@std@@@1@AEAU?$pair@$$CBHW4mxClassID@@@1@PEAU?$_Tree_node@U?$pair@$$CBHW4mxClassID@@@std@@PEAX@1@@Z 000000018000a3f0 f i mex_opencv_2.4:MxArray.obj
 0001:00009620       ??$_Copy_nodes@U?$integral_constant@_N$0A@@std@@@?$_Tree@V?$_Tmap_traits@W4mxClassID@@HU?$less@W4mxClassID@@@std@@V?$allocator@U?$pair@$$CBW4mxClassID@@H@std@@@3@$0A@@std@@@std@@IEAAPEAU?$_Tree_node@U?$pair@$$CBW4mxClassID@@H@std@@PEAX@1@PEAU21@0U?$integral_constant@_N$0A@@1@@Z 000000018000a620 f i mex_opencv_2.4:MxArray.obj
 0001:00009620       ??$_Copy_nodes@U?$integral_constant@_N$0A@@std@@@?$_Tree@V?$_Tmap_traits@HW4mxClassID@@U?$less@H@std@@V?$allocator@U?$pair@$$CBHW4mxClassID@@@std@@@3@$0A@@std@@@std@@IEAAPEAU?$_Tree_node@U?$pair@$$CBHW4mxClassID@@@std@@PEAX@1@PEAU21@0U?$integral_constant@_N$0A@@1@@Z 000000018000a620 f i mex_opencv_2.4:MxArray.obj
 0001:000096c0       ??$_Buynode@AEBUpiecewise_construct_t@std@@V?$tuple@AEBH@2@V?$tuple@$$$V@2@@?$_Tree_buy@U?$pair@$$CBHV?$basic_string@DU?$char_traits@D@std@@V?$allocator@D@2@@std@@@std@@V?$allocator@U?$pair@$$CBHV?$basic_string@DU?$char_traits@D@std@@V?$allocator@D@2@@std@@@std@@@2@@std@@QEAAPEAU?$_Tree_node@U?$pair@$$CBHV?$basic_string@DU?$char_traits@D@std@@V?$allocator@D@2@@std@@@std@@PEAX@1@AEBUpiecewise_construct_t@1@$$QEAV?$tuple@AEBH@1@$$QEAV?$tuple@$$$V@1@@Z 000000018000a6c0 f i mex_opencv_2.4:MxArray.obj
 0001:00009700       ??$_Insert_hint@AEAU?$pair@$$CBHV?$basic_string@DU?$char_traits@D@std@@V?$allocator@D@2@@std@@@std@@PEAU?$_Tree_node@U?$pair@$$CBHV?$basic_string@DU?$char_traits@D@std@@V?$allocator@D@2@@std@@@std@@PEAX@2@@?$_Tree@V?$_Tmap_traits@HV?$basic_string@DU?$char_traits@D@std@@V?$allocator@D@2@@std@@U?$less@H@2@V?$allocator@U?$pair@$$CBHV?$basic_string@DU?$char_traits@D@std@@V?$allocator@D@2@@std@@@std@@@2@$0A@@std@@@std@@IEAA?AV?$_Tree_iterator@V?$_Tree_val@U?$_Tree_simple_types@U?$pair@$$CBHV?$basic_string@DU?$char_traits@D@std@@V?$allocator@D@2@@std@@@std@@@std@@@std@@@1@V?$_Tree_const_iterator@V?$_Tree_val@U?$_Tree_simple_types@U?$pair@$$CBHV?$basic_string@DU?$char_traits@D@std@@V?$allocator@D@2@@std@@@std@@@std@@@std@@@1@AEAU?$pair@$$CBHV?$basic_string@DU?$char_traits@D@std@@V?$allocator@D@2@@std@@@1@PEAU?$_Tree_node@U?$pair@$$CBHV?$basic_string@DU?$char_traits@D@std@@V?$allocator@D@2@@std@@@std@@PEAX@1@@Z 000000018000a700 f i mex_opencv_2.4:MxArray.obj
 0001:00009930       ??$_Copy_nodes@U?$integral_constant@_N$0A@@std@@@?$_Tree@V?$_Tmap_traits@HV?$basic_string@DU?$char_traits@D@std@@V?$allocator@D@2@@std@@U?$less@H@2@V?$allocator@U?$pair@$$CBHV?$basic_string@DU?$char_traits@D@std@@V?$allocator@D@2@@std@@@std@@@2@$0A@@std@@@std@@IEAAPEAU?$_Tree_node@U?$pair@$$CBHV?$basic_string@DU?$char_traits@D@std@@V?$allocator@D@2@@std@@@std@@PEAX@1@PEAU21@0U?$integral_constant@_N$0A@@1@@Z 000000018000a930 f i mex_opencv_2.4:MxArray.obj
 0001:000099d0       ?_Destroy_if_not_nil@?$_Tree@V?$_Tmap_traits@V?$basic_string@DU?$char_traits@D@std@@V?$allocator@D@2@@std@@HU?$less@V?$basic_string@DU?$char_traits@D@std@@V?$allocator@D@2@@std@@@2@V?$allocator@U?$pair@$$CBV?$basic_string@DU?$char_traits@D@std@@V?$allocator@D@2@@std@@H@std@@@2@$0A@@std@@@std@@IEAAXPEAU?$_Tree_node@U?$pair@$$CBV?$basic_string@DU?$char_traits@D@std@@V?$allocator@D@2@@std@@H@std@@PEAX@2@@Z 000000018000a9d0 f i mex_opencv_2.4:MxArray.obj
 0001:00009a10       ?_Buynode0@?$_Tree_buy@U?$pair@$$CBV?$basic_string@DU?$char_traits@D@std@@V?$allocator@D@2@@std@@H@std@@V?$allocator@U?$pair@$$CBV?$basic_string@DU?$char_traits@D@std@@V?$allocator@D@2@@std@@H@std@@@2@@std@@QEAAPEAU?$_Tree_node@U?$pair@$$CBV?$basic_string@DU?$char_traits@D@std@@V?$allocator@D@2@@std@@H@std@@PEAX@2@XZ 000000018000aa10 f i mex_opencv_2.4:MxArray.obj
 0001:00009a10       ?_Buynode0@?$_Tree_buy@U?$pair@$$CBHV?$basic_string@DU?$char_traits@D@std@@V?$allocator@D@2@@std@@@std@@V?$allocator@U?$pair@$$CBHV?$basic_string@DU?$char_traits@D@std@@V?$allocator@D@2@@std@@@std@@@2@@std@@QEAAPEAU?$_Tree_node@U?$pair@$$CBHV?$basic_string@DU?$char_traits@D@std@@V?$allocator@D@2@@std@@@std@@PEAX@2@XZ 000000018000aa10 f i mex_opencv_2.4:MxArray.obj
 0001:00009a60       ?_Buynode0@?$_Tree_buy@U?$pair@$$CBHW4mxClassID@@@std@@V?$allocator@U?$pair@$$CBHW4mxClassID@@@std@@@2@@std@@QEAAPEAU?$_Tree_node@U?$pair@$$CBHW4mxClassID@@@std@@PEAX@2@XZ 000000018000aa60 f i mex_opencv_2.4:MxArray.obj
 0001:00009a60       ?_Buynode0@?$_Tree_buy@U?$pair@$$CBW4mxClassID@@H@std@@V?$allocator@U?$pair@$$CBW4mxClassID@@H@std@@@2@@std@@QEAAPEAU?$_Tree_node@U?$pair@$$CBW4mxClassID@@H@std@@PEAX@2@XZ 000000018000aa60 f i mex_opencv_2.4:MxArray.obj
 0001:00009ab0       ?_Destroy_if_not_nil@?$_Tree@V?$_Tmap_traits@HV?$basic_string@DU?$char_traits@D@std@@V?$allocator@D@2@@std@@U?$less@H@2@V?$allocator@U?$pair@$$CBHV?$basic_string@DU?$char_traits@D@std@@V?$allocator@D@2@@std@@@std@@@2@$0A@@std@@@std@@IEAAXPEAU?$_Tree_node@U?$pair@$$CBHV?$basic_string@DU?$char_traits@D@std@@V?$allocator@D@2@@std@@@std@@PEAX@2@@Z 000000018000aab0 f i mex_opencv_2.4:MxArray.obj
 0001:00009af0       ??$_Insert_at@AEAU?$pair@$$CBV?$basic_string@DU?$char_traits@D@std@@V?$allocator@D@2@@std@@H@std@@PEAU?$_Tree_node@U?$pair@$$CBV?$basic_string@DU?$char_traits@D@std@@V?$allocator@D@2@@std@@H@std@@PEAX@2@@?$_Tree@V?$_Tmap_traits@V?$basic_string@DU?$char_traits@D@std@@V?$allocator@D@2@@std@@HU?$less@V?$basic_string@DU?$char_traits@D@std@@V?$allocator@D@2@@std@@@2@V?$allocator@U?$pair@$$CBV?$basic_string@DU?$char_traits@D@std@@V?$allocator@D@2@@std@@H@std@@@2@$0A@@std@@@std@@IEAA?AV?$_Tree_iterator@V?$_Tree_val@U?$_Tree_simple_types@U?$pair@$$CBV?$basic_string@DU?$char_traits@D@std@@V?$allocator@D@2@@std@@H@std@@@std@@@std@@@1@_NPEAU?$_Tree_node@U?$pair@$$CBV?$basic_string@DU?$char_traits@D@std@@V?$allocator@D@2@@std@@H@std@@PEAX@1@AEAU?$pair@$$CBV?$basic_string@DU?$char_traits@D@std@@V?$allocator@D@2@@std@@H@1@1@Z 000000018000aaf0 f i mex_opencv_2.4:MxArray.obj
 0001:00009dc0       ??$_Insert_nohint@AEAU?$pair@$$CBV?$basic_string@DU?$char_traits@D@std@@V?$allocator@D@2@@std@@H@std@@PEAU?$_Tree_node@U?$pair@$$CBV?$basic_string@DU?$char_traits@D@std@@V?$allocator@D@2@@std@@H@std@@PEAX@2@@?$_Tree@V?$_Tmap_traits@V?$basic_string@DU?$char_traits@D@std@@V?$allocator@D@2@@std@@HU?$less@V?$basic_string@DU?$char_traits@D@std@@V?$allocator@D@2@@std@@@2@V?$allocator@U?$pair@$$CBV?$basic_string@DU?$char_traits@D@std@@V?$allocator@D@2@@std@@H@std@@@2@$0A@@std@@@std@@IEAA?AU?$pair@V?$_Tree_iterator@V?$_Tree_val@U?$_Tree_simple_types@U?$pair@$$CBV?$basic_string@DU?$char_traits@D@std@@V?$allocator@D@2@@std@@H@std@@@std@@@std@@@std@@_N@1@_NAEAU?$pair@$$CBV?$basic_string@DU?$char_traits@D@std@@V?$allocator@D@2@@std@@H@1@PEAU?$_Tree_node@U?$pair@$$CBV?$basic_string@DU?$char_traits@D@std@@V?$allocator@D@2@@std@@H@std@@PEAX@1@@Z 000000018000adc0 f i mex_opencv_2.4:MxArray.obj
 0001:00009fd0       ??$_Insert_at@AEAU?$pair@$$CBHW4mxClassID@@@std@@PEAU?$_Tree_node@U?$pair@$$CBHW4mxClassID@@@std@@PEAX@2@@?$_Tree@V?$_Tmap_traits@HW4mxClassID@@U?$less@H@std@@V?$allocator@U?$pair@$$CBHW4mxClassID@@@std@@@3@$0A@@std@@@std@@IEAA?AV?$_Tree_iterator@V?$_Tree_val@U?$_Tree_simple_types@U?$pair@$$CBHW4mxClassID@@@std@@@std@@@std@@@1@_NPEAU?$_Tree_node@U?$pair@$$CBHW4mxClassID@@@std@@PEAX@1@AEAU?$pair@$$CBHW4mxClassID@@@1@1@Z 000000018000afd0 f i mex_opencv_2.4:MxArray.obj
 0001:00009fd0       ??$_Insert_at@AEAU?$pair@$$CBW4mxClassID@@H@std@@PEAU?$_Tree_node@U?$pair@$$CBW4mxClassID@@H@std@@PEAX@2@@?$_Tree@V?$_Tmap_traits@W4mxClassID@@HU?$less@W4mxClassID@@@std@@V?$allocator@U?$pair@$$CBW4mxClassID@@H@std@@@3@$0A@@std@@@std@@IEAA?AV?$_Tree_iterator@V?$_Tree_val@U?$_Tree_simple_types@U?$pair@$$CBW4mxClassID@@H@std@@@std@@@std@@@1@_NPEAU?$_Tree_node@U?$pair@$$CBW4mxClassID@@H@std@@PEAX@1@AEAU?$pair@$$CBW4mxClassID@@H@1@1@Z 000000018000afd0 f i mex_opencv_2.4:MxArray.obj
 0001:0000a280       ??$_Insert_nohint@AEAU?$pair@$$CBW4mxClassID@@H@std@@PEAU?$_Tree_node@U?$pair@$$CBW4mxClassID@@H@std@@PEAX@2@@?$_Tree@V?$_Tmap_traits@W4mxClassID@@HU?$less@W4mxClassID@@@std@@V?$allocator@U?$pair@$$CBW4mxClassID@@H@std@@@3@$0A@@std@@@std@@IEAA?AU?$pair@V?$_Tree_iterator@V?$_Tree_val@U?$_Tree_simple_types@U?$pair@$$CBW4mxClassID@@H@std@@@std@@@std@@@std@@_N@1@_NAEAU?$pair@$$CBW4mxClassID@@H@1@PEAU?$_Tree_node@U?$pair@$$CBW4mxClassID@@H@std@@PEAX@1@@Z 000000018000b280 f i mex_opencv_2.4:MxArray.obj
 0001:0000a280       ??$_Insert_nohint@AEAU?$pair@$$CBHW4mxClassID@@@std@@PEAU?$_Tree_node@U?$pair@$$CBHW4mxClassID@@@std@@PEAX@2@@?$_Tree@V?$_Tmap_traits@HW4mxClassID@@U?$less@H@std@@V?$allocator@U?$pair@$$CBHW4mxClassID@@@std@@@3@$0A@@std@@@std@@IEAA?AU?$pair@V?$_Tree_iterator@V?$_Tree_val@U?$_Tree_simple_types@U?$pair@$$CBHW4mxClassID@@@std@@@std@@@std@@@std@@_N@1@_NAEAU?$pair@$$CBHW4mxClassID@@@1@PEAU?$_Tree_node@U?$pair@$$CBHW4mxClassID@@@std@@PEAX@1@@Z 000000018000b280 f i mex_opencv_2.4:MxArray.obj
 0001:0000a3e0       ??$_Insert_at@AEAU?$pair@$$CBHV?$basic_string@DU?$char_traits@D@std@@V?$allocator@D@2@@std@@@std@@PEAU?$_Tree_node@U?$pair@$$CBHV?$basic_string@DU?$char_traits@D@std@@V?$allocator@D@2@@std@@@std@@PEAX@2@@?$_Tree@V?$_Tmap_traits@HV?$basic_string@DU?$char_traits@D@std@@V?$allocator@D@2@@std@@U?$less@H@2@V?$allocator@U?$pair@$$CBHV?$basic_string@DU?$char_traits@D@std@@V?$allocator@D@2@@std@@@std@@@2@$0A@@std@@@std@@IEAA?AV?$_Tree_iterator@V?$_Tree_val@U?$_Tree_simple_types@U?$pair@$$CBHV?$basic_string@DU?$char_traits@D@std@@V?$allocator@D@2@@std@@@std@@@std@@@std@@@1@_NPEAU?$_Tree_node@U?$pair@$$CBHV?$basic_string@DU?$char_traits@D@std@@V?$allocator@D@2@@std@@@std@@PEAX@1@AEAU?$pair@$$CBHV?$basic_string@DU?$char_traits@D@std@@V?$allocator@D@2@@std@@@1@1@Z 000000018000b3e0 f i mex_opencv_2.4:MxArray.obj
 0001:0000a6b0       ??$_Insert_nohint@AEAU?$pair@$$CBHV?$basic_string@DU?$char_traits@D@std@@V?$allocator@D@2@@std@@@std@@PEAU?$_Tree_node@U?$pair@$$CBHV?$basic_string@DU?$char_traits@D@std@@V?$allocator@D@2@@std@@@std@@PEAX@2@@?$_Tree@V?$_Tmap_traits@HV?$basic_string@DU?$char_traits@D@std@@V?$allocator@D@2@@std@@U?$less@H@2@V?$allocator@U?$pair@$$CBHV?$basic_string@DU?$char_traits@D@std@@V?$allocator@D@2@@std@@@std@@@2@$0A@@std@@@std@@IEAA?AU?$pair@V?$_Tree_iterator@V?$_Tree_val@U?$_Tree_simple_types@U?$pair@$$CBHV?$basic_string@DU?$char_traits@D@std@@V?$allocator@D@2@@std@@@std@@@std@@@std@@@std@@_N@1@_NAEAU?$pair@$$CBHV?$basic_string@DU?$char_traits@D@std@@V?$allocator@D@2@@std@@@1@PEAU?$_Tree_node@U?$pair@$$CBHV?$basic_string@DU?$char_traits@D@std@@V?$allocator@D@2@@std@@@std@@PEAX@1@@Z 000000018000b6b0 f i mex_opencv_2.4:MxArray.obj
 0001:0000a830       ??$_Buynode@AEAU?$pair@$$CBV?$basic_string@DU?$char_traits@D@std@@V?$allocator@D@2@@std@@H@std@@@?$_Tree_buy@U?$pair@$$CBV?$basic_string@DU?$char_traits@D@std@@V?$allocator@D@2@@std@@H@std@@V?$allocator@U?$pair@$$CBV?$basic_string@DU?$char_traits@D@std@@V?$allocator@D@2@@std@@H@std@@@2@@std@@QEAAPEAU?$_Tree_node@U?$pair@$$CBV?$basic_string@DU?$char_traits@D@std@@V?$allocator@D@2@@std@@H@std@@PEAX@1@AEAU?$pair@$$CBV?$basic_string@DU?$char_traits@D@std@@V?$allocator@D@2@@std@@H@1@@Z 000000018000b830 f i mex_opencv_2.4:MxArray.obj
 0001:0000a8b0       ??$_Buynode@AEAU?$pair@$$CBHW4mxClassID@@@std@@@?$_Tree_buy@U?$pair@$$CBHW4mxClassID@@@std@@V?$allocator@U?$pair@$$CBHW4mxClassID@@@std@@@2@@std@@QEAAPEAU?$_Tree_node@U?$pair@$$CBHW4mxClassID@@@std@@PEAX@1@AEAU?$pair@$$CBHW4mxClassID@@@1@@Z 000000018000b8b0 f i mex_opencv_2.4:MxArray.obj
 0001:0000a8b0       ??$_Buynode@AEAU?$pair@$$CBW4mxClassID@@H@std@@@?$_Tree_buy@U?$pair@$$CBW4mxClassID@@H@std@@V?$allocator@U?$pair@$$CBW4mxClassID@@H@std@@@2@@std@@QEAAPEAU?$_Tree_node@U?$pair@$$CBW4mxClassID@@H@std@@PEAX@1@AEAU?$pair@$$CBW4mxClassID@@H@1@@Z 000000018000b8b0 f i mex_opencv_2.4:MxArray.obj
 0001:0000a8e0       ??$_Buynode@AEAU?$pair@$$CBHV?$basic_string@DU?$char_traits@D@std@@V?$allocator@D@2@@std@@@std@@@?$_Tree_buy@U?$pair@$$CBHV?$basic_string@DU?$char_traits@D@std@@V?$allocator@D@2@@std@@@std@@V?$allocator@U?$pair@$$CBHV?$basic_string@DU?$char_traits@D@std@@V?$allocator@D@2@@std@@@std@@@2@@std@@QEAAPEAU?$_Tree_node@U?$pair@$$CBHV?$basic_string@DU?$char_traits@D@std@@V?$allocator@D@2@@std@@@std@@PEAX@1@AEAU?$pair@$$CBHV?$basic_string@DU?$char_traits@D@std@@V?$allocator@D@2@@std@@@1@@Z 000000018000b8e0 f i mex_opencv_2.4:MxArray.obj
 0001:0000a958       ?imbue@?$basic_streambuf@DU?$char_traits@D@std@@@std@@MEAAXAEBVlocale@2@@Z 000000018000b958 f   msvcprt:MSVCP120.dll
 0001:0000a95e       ?sync@?$basic_streambuf@DU?$char_traits@D@std@@@std@@MEAAHXZ 000000018000b95e f   msvcprt:MSVCP120.dll
 0001:0000a964       ?setbuf@?$basic_streambuf@DU?$char_traits@D@std@@@std@@MEAAPEAV12@PEAD_J@Z 000000018000b964 f   msvcprt:MSVCP120.dll
 0001:0000a96a       ?xsputn@?$basic_streambuf@DU?$char_traits@D@std@@@std@@MEAA_JPEBD_J@Z 000000018000b96a f   msvcprt:MSVCP120.dll
 0001:0000a970       ?xsgetn@?$basic_streambuf@DU?$char_traits@D@std@@@std@@MEAA_JPEAD_J@Z 000000018000b970 f   msvcprt:MSVCP120.dll
 0001:0000a976       ?uflow@?$basic_streambuf@DU?$char_traits@D@std@@@std@@MEAAHXZ 000000018000b976 f   msvcprt:MSVCP120.dll
 0001:0000a97c       ?showmanyc@?$basic_streambuf@DU?$char_traits@D@std@@@std@@MEAA_JXZ 000000018000b97c f   msvcprt:MSVCP120.dll
 0001:0000a982       ?_Unlock@?$basic_streambuf@DU?$char_traits@D@std@@@std@@UEAAXXZ 000000018000b982 f   msvcprt:MSVCP120.dll
 0001:0000a988       ?_Lock@?$basic_streambuf@DU?$char_traits@D@std@@@std@@UEAAXXZ 000000018000b988 f   msvcprt:MSVCP120.dll
 0001:0000a9a0       __security_check_cookie    000000018000b9a0 f   MSVCRT:amdsecgs.obj
 0001:0000a9c0       __atonexitinit             000000018000b9c0 f   MSVCRT:atonexit.obj
 0001:0000aa10       _onexit                    000000018000ba10 f   MSVCRT:atonexit.obj
 0001:0000aac0       atexit                     000000018000bac0 f   MSVCRT:atonexit.obj
 0001:0000aad8       _purecall                  000000018000bad8 f   MSVCRT:MSVCR120.dll
 0001:0000aade       ??3@YAXPEAX@Z              000000018000bade f   MSVCRT:MSVCR120.dll
 0001:0000aae4       ??_Etype_info@@UEAAPEAXI@Z 000000018000bae4 f i MSVCRT:ti_inst.obj
 0001:0000ab4e       ?what@exception@std@@UEBAPEBDXZ 000000018000bb4e f   MSVCRT:MSVCR120.dll
 0001:0000ab54       ??0exception@std@@QEAA@AEBV01@@Z 000000018000bb54 f   MSVCRT:MSVCR120.dll
 0001:0000ab5a       ?terminate@@YAXXZ          000000018000bb5a f   MSVCRT:MSVCR120.dll
 0001:0000abc0       _CRT_INIT                  000000018000bbc0 f   MSVCRT:crtdll.obj
 0001:0000ae0c       _DllMainCRTStartup         000000018000be0c f   MSVCRT:crtdll.obj
 0001:0000af84       __raise_securityfailure    000000018000bf84 f   MSVCRT:gs_report.obj
 0001:0000afd0       __report_gsfailure         000000018000bfd0 f   MSVCRT:gs_report.obj
 0001:0000b0a2       _lock                      000000018000c0a2 f   MSVCRT:MSVCR120.dll
 0001:0000b0a8       _unlock                    000000018000c0a8 f   MSVCRT:MSVCR120.dll
 0001:0000b0ae       __dllonexit                000000018000c0ae f   MSVCRT:MSVCR120.dll
 0001:0000b0b4       __C_specific_handler       000000018000c0b4 f   MSVCRT:MSVCR120.dll
 0001:0000b0bc       ??_M@YAXPEAX_KHP6AX0@Z@Z   000000018000c0bc f   MSVCRT:ehvecdtr.obj
 0001:0000b11c       ?__ArrayUnwind@@YAXPEAX_KHP6AX0@Z@Z 000000018000c11c f   MSVCRT:ehvecdtr.obj
 0001:0000b166       __CppXcptFilter            000000018000c166 f   MSVCRT:MSVCR120.dll
 0001:0000b16c       _amsg_exit                 000000018000c16c f   MSVCRT:MSVCR120.dll
 0001:0000b180       _FindPESection             000000018000c180 f   MSVCRT:pesect.obj
 0001:0000b1d0       _IsNonwritableInCurrentImage 000000018000c1d0 f   MSVCRT:pesect.obj
 0001:0000b220       _ValidateImageBase         000000018000c220 f   MSVCRT:pesect.obj
 0001:0000b250       __security_init_cookie     000000018000c250 f   MSVCRT:gs_support.obj
 0001:0000b2fc       DllMain                    000000018000c2fc f   MSVCRT:dllmain.obj
 0001:0000b320       _RTC_Initialize            000000018000c320 f   MSVCRT:initsect.obj
 0001:0000b358       _RTC_Terminate             000000018000c358 f   MSVCRT:initsect.obj
 0001:0000b390       _initterm                  000000018000c390 f   MSVCRT:MSVCR120.dll
 0001:0000b396       _initterm_e                000000018000c396 f   MSVCRT:MSVCR120.dll
 0001:0000b39c       __clean_type_info_names    000000018000c39c f   MSVCRT:tncleanup.obj
 0001:0000b3a8       __crt_debugger_hook        000000018000c3a8 f   MSVCRT:MSVCR120.dll
 0001:0000b3ae       __crtUnhandledException    000000018000c3ae f   MSVCRT:MSVCR120.dll
 0001:0000b3b4       __crtTerminateProcess      000000018000c3b4 f   MSVCRT:MSVCR120.dll
 0001:0000b3ba       __crtCapturePreviousContext 000000018000c3ba f   MSVCRT:MSVCR120.dll
 0001:0000b3c0       ??1type_info@@UEAA@XZ      000000018000c3c0 f   MSVCRT:MSVCR120.dll
 0001:0000b3c0       ?_type_info_dtor_internal_method@type_info@@QEAAXXZ 000000018000c3c0 f   MSVCRT:MSVCR120.dll
 0001:0000b3c6       __clean_type_info_names_internal 000000018000c3c6 f   MSVCRT:MSVCR120.dll
 0001:0000b3cc       IsProcessorFeaturePresent  000000018000c3cc f   kernel32:KERNEL32.dll
 0001:0000b3d2       _CxxThrowException         000000018000c3d2 f   MSVCRT:MSVCR120.dll
 0001:0000b3d8       __CxxFrameHandler3         000000018000c3d8 f   MSVCRT:MSVCR120.dll
 0001:0000b3e0       __GSHandlerCheck           000000018000c3e0 f   MSVCRT:gshandler.obj
 0001:0000b400       __GSHandlerCheckCommon     000000018000c400 f   MSVCRT:gshandler.obj
 0001:0000b464       __GSHandlerCheck_EH        000000018000c464 f   MSVCRT:gshandlereh.obj
 0001:0000b4f4       exp                        000000018000c4f4 f   MSVCRT:MSVCR120.dll
 0001:0000b4fa       memcmp                     000000018000c4fa f   MSVCRT:MSVCR120.dll
 0001:0000b500       memcpy                     000000018000c500 f   MSVCRT:MSVCR120.dll
 0001:0000b506       memset                     000000018000c506 f   MSVCRT:MSVCR120.dll
 0001:0000b50c       sqrt                       000000018000c50c f   MSVCRT:MSVCR120.dll
 0002:00000000       __imp_DisableThreadLibraryCalls 000000018000e000     kernel32:KERNEL32.dll
 0002:00000008       __imp_DecodePointer        000000018000e008     kernel32:KERNEL32.dll
 0002:00000010       __imp_IsDebuggerPresent    000000018000e010     kernel32:KERNEL32.dll
 0002:00000018       __imp_IsProcessorFeaturePresent 000000018000e018     kernel32:KERNEL32.dll
 0002:00000020       __imp_QueryPerformanceCounter 000000018000e020     kernel32:KERNEL32.dll
 0002:00000028       __imp_GetCurrentProcessId  000000018000e028     kernel32:KERNEL32.dll
 0002:00000030       __imp_GetCurrentThreadId   000000018000e030     kernel32:KERNEL32.dll
 0002:00000038       __imp_EncodePointer        000000018000e038     kernel32:KERNEL32.dll
 0002:00000040       __imp_GetSystemTimeAsFileTime 000000018000e040     kernel32:KERNEL32.dll
 0002:00000048       \177KERNEL32_NULL_THUNK_DATA 000000018000e048     kernel32:KERNEL32.dll
 0002:00000050       __imp__Thrd_join           000000018000e050     msvcprt:MSVCP120.dll
 0002:00000058       __imp__Thrd_current        000000018000e058     msvcprt:MSVCP120.dll
 0002:00000060       __imp_??0_Pad@std@@QEAA@XZ 000000018000e060     msvcprt:MSVCP120.dll
 0002:00000068       __imp_??1_Pad@std@@QEAA@XZ 000000018000e068     msvcprt:MSVCP120.dll
 0002:00000070       __imp_?_Launch@_Pad@std@@QEAAXPEAU_Thrd_imp_t@@@Z 000000018000e070     msvcprt:MSVCP120.dll
 0002:00000078       __imp_?_Winerror_map@std@@YAPEBDH@Z 000000018000e078     msvcprt:MSVCP120.dll
 0002:00000080       __imp_?_Syserror_map@std@@YAPEBDH@Z 000000018000e080     msvcprt:MSVCP120.dll
 0002:00000088       __imp_?_Xbad_alloc@std@@YAXXZ 000000018000e088     msvcprt:MSVCP120.dll
 0002:00000090       __imp_?_Xout_of_range@std@@YAXPEBD@Z 000000018000e090     msvcprt:MSVCP120.dll
 0002:00000098       __imp_?_Xlength_error@std@@YAXPEBD@Z 000000018000e098     msvcprt:MSVCP120.dll
 0002:000000a0       __imp_?_BADOFF@std@@3_JB   000000018000e0a0     msvcprt:MSVCP120.dll
 0002:000000a8       __imp_?uncaught_exception@std@@YA_NXZ 000000018000e0a8     msvcprt:MSVCP120.dll
 0002:000000b0       __imp_?sputn@?$basic_streambuf@DU?$char_traits@D@std@@@std@@QEAA_JPEBD_J@Z 000000018000e0b0     msvcprt:MSVCP120.dll
 0002:000000b8       __imp_?sputc@?$basic_streambuf@DU?$char_traits@D@std@@@std@@QEAAHD@Z 000000018000e0b8     msvcprt:MSVCP120.dll
 0002:000000c0       __imp_?flush@?$basic_ostream@DU?$char_traits@D@std@@@std@@QEAAAEAV12@XZ 000000018000e0c0     msvcprt:MSVCP120.dll
 0002:000000c8       __imp_?_Osfx@?$basic_ostream@DU?$char_traits@D@std@@@std@@QEAAXXZ 000000018000e0c8     msvcprt:MSVCP120.dll
 0002:000000d0       __imp_??0?$basic_streambuf@DU?$char_traits@D@std@@@std@@IEAA@XZ 000000018000e0d0     msvcprt:MSVCP120.dll
 0002:000000d8       __imp_??0?$basic_ios@DU?$char_traits@D@std@@@std@@IEAA@XZ 000000018000e0d8     msvcprt:MSVCP120.dll
 0002:000000e0       __imp_?_Pninc@?$basic_streambuf@DU?$char_traits@D@std@@@std@@IEAAPEADXZ 000000018000e0e0     msvcprt:MSVCP120.dll
 0002:000000e8       __imp_??6?$basic_ostream@DU?$char_traits@D@std@@@std@@QEAAAEAV01@H@Z 000000018000e0e8     msvcprt:MSVCP120.dll
 0002:000000f0       __imp_??1?$basic_ostream@DU?$char_traits@D@std@@@std@@UEAA@XZ 000000018000e0f0     msvcprt:MSVCP120.dll
 0002:000000f8       __imp_??0?$basic_ostream@DU?$char_traits@D@std@@@std@@QEAA@PEAV?$basic_streambuf@DU?$char_traits@D@std@@@1@_N@Z 000000018000e0f8     msvcprt:MSVCP120.dll
 0002:00000100       __imp_?setstate@?$basic_ios@DU?$char_traits@D@std@@@std@@QEAAXH_N@Z 000000018000e100     msvcprt:MSVCP120.dll
 0002:00000108       __imp_??1?$basic_ios@DU?$char_traits@D@std@@@std@@UEAA@XZ 000000018000e108     msvcprt:MSVCP120.dll
 0002:00000110       __imp_?imbue@?$basic_streambuf@DU?$char_traits@D@std@@@std@@MEAAXAEBVlocale@2@@Z 000000018000e110     msvcprt:MSVCP120.dll
 0002:00000118       __imp_?sync@?$basic_streambuf@DU?$char_traits@D@std@@@std@@MEAAHXZ 000000018000e118     msvcprt:MSVCP120.dll
 0002:00000120       __imp_?setbuf@?$basic_streambuf@DU?$char_traits@D@std@@@std@@MEAAPEAV12@PEAD_J@Z 000000018000e120     msvcprt:MSVCP120.dll
 0002:00000128       __imp_?xsputn@?$basic_streambuf@DU?$char_traits@D@std@@@std@@MEAA_JPEBD_J@Z 000000018000e128     msvcprt:MSVCP120.dll
 0002:00000130       __imp_?xsgetn@?$basic_streambuf@DU?$char_traits@D@std@@@std@@MEAA_JPEAD_J@Z 000000018000e130     msvcprt:MSVCP120.dll
 0002:00000138       __imp_?uflow@?$basic_streambuf@DU?$char_traits@D@std@@@std@@MEAAHXZ 000000018000e138     msvcprt:MSVCP120.dll
 0002:00000140       __imp_?showmanyc@?$basic_streambuf@DU?$char_traits@D@std@@@std@@MEAA_JXZ 000000018000e140     msvcprt:MSVCP120.dll
 0002:00000148       __imp_?_Unlock@?$basic_streambuf@DU?$char_traits@D@std@@@std@@UEAAXXZ 000000018000e148     msvcprt:MSVCP120.dll
 0002:00000150       __imp_?_Lock@?$basic_streambuf@DU?$char_traits@D@std@@@std@@UEAAXXZ 000000018000e150     msvcprt:MSVCP120.dll
 0002:00000158       __imp_??1?$basic_streambuf@DU?$char_traits@D@std@@@std@@UEAA@XZ 000000018000e158     msvcprt:MSVCP120.dll
 0002:00000160       __imp__Thrd_equal          000000018000e160     msvcprt:MSVCP120.dll
 0002:00000168       __imp_?_Throw_Cpp_error@std@@YAXH@Z 000000018000e168     msvcprt:MSVCP120.dll
 0002:00000170       __imp_?_Release@_Pad@std@@QEAAXXZ 000000018000e170     msvcprt:MSVCP120.dll
 0002:00000178       \177MSVCP120_NULL_THUNK_DATA 000000018000e178     msvcprt:MSVCP120.dll
 0002:00000180       __imp_?_type_info_dtor_internal_method@type_info@@QEAAXXZ 000000018000e180     MSVCRT:MSVCR120.dll
 0002:00000188       __imp___clean_type_info_names_internal 000000018000e188     MSVCRT:MSVCR120.dll
 0002:00000190       __imp__CxxThrowException   000000018000e190     MSVCRT:MSVCR120.dll
 0002:00000198       __imp___CxxFrameHandler3   000000018000e198     MSVCRT:MSVCR120.dll
 0002:000001a0       __imp_exp                  000000018000e1a0     MSVCRT:MSVCR120.dll
 0002:000001a8       __imp_memcmp               000000018000e1a8     MSVCRT:MSVCR120.dll
 0002:000001b0       __imp_memcpy               000000018000e1b0     MSVCRT:MSVCR120.dll
 0002:000001b8       __imp_memset               000000018000e1b8     MSVCRT:MSVCR120.dll
 0002:000001c0       __imp_??0exception@std@@QEAA@AEBQEBDH@Z 000000018000e1c0     MSVCRT:MSVCR120.dll
 0002:000001c8       __imp_memmove              000000018000e1c8     MSVCRT:MSVCR120.dll
 0002:000001d0       __imp__purecall            000000018000e1d0     MSVCRT:MSVCR120.dll
 0002:000001d8       __imp_??3@YAXPEAX@Z        000000018000e1d8     MSVCRT:MSVCR120.dll
 0002:000001e0       __imp_??2@YAPEAX_K@Z       000000018000e1e0     MSVCRT:MSVCR120.dll
 0002:000001e8       __imp__wassert             000000018000e1e8     MSVCRT:MSVCR120.dll
 0002:000001f0       __imp_?what@exception@std@@UEBAPEBDXZ 000000018000e1f0     MSVCRT:MSVCR120.dll
 0002:000001f8       __imp_??1exception@std@@UEAA@XZ 000000018000e1f8     MSVCRT:MSVCR120.dll
 0002:00000200       __imp_sqrt                 000000018000e200     MSVCRT:MSVCR120.dll
 0002:00000208       __imp_??0exception@std@@QEAA@AEBV01@@Z 000000018000e208     MSVCRT:MSVCR120.dll
 0002:00000210       __imp_free                 000000018000e210     MSVCRT:MSVCR120.dll
 0002:00000218       __imp_malloc               000000018000e218     MSVCRT:MSVCR120.dll
 0002:00000220       __imp_?terminate@@YAXXZ    000000018000e220     MSVCRT:MSVCR120.dll
 0002:00000228       __imp_?_GetConcurrency@details@Concurrency@@YAIXZ 000000018000e228     MSVCRT:MSVCR120.dll
 0002:00000230       __imp_clock                000000018000e230     MSVCRT:MSVCR120.dll
 0002:00000238       __imp__lock                000000018000e238     MSVCRT:MSVCR120.dll
 0002:00000240       __imp__unlock              000000018000e240     MSVCRT:MSVCR120.dll
 0002:00000248       __imp__calloc_crt          000000018000e248     MSVCRT:MSVCR120.dll
 0002:00000250       __imp___dllonexit          000000018000e250     MSVCRT:MSVCR120.dll
 0002:00000258       __imp___C_specific_handler 000000018000e258     MSVCRT:MSVCR120.dll
 0002:00000260       __imp__onexit              000000018000e260     MSVCRT:MSVCR120.dll
 0002:00000268       __imp___CppXcptFilter      000000018000e268     MSVCRT:MSVCR120.dll
 0002:00000270       __imp__amsg_exit           000000018000e270     MSVCRT:MSVCR120.dll
 0002:00000278       __imp__malloc_crt          000000018000e278     MSVCRT:MSVCR120.dll
 0002:00000280       __imp__initterm            000000018000e280     MSVCRT:MSVCR120.dll
 0002:00000288       __imp__initterm_e          000000018000e288     MSVCRT:MSVCR120.dll
 0002:00000290       __imp___crt_debugger_hook  000000018000e290     MSVCRT:MSVCR120.dll
 0002:00000298       __imp___crtUnhandledException 000000018000e298     MSVCRT:MSVCR120.dll
 0002:000002a0       __imp___crtTerminateProcess 000000018000e2a0     MSVCRT:MSVCR120.dll
 0002:000002a8       __imp___crtCapturePreviousContext 000000018000e2a8     MSVCRT:MSVCR120.dll
 0002:000002b0       \177MSVCR120_NULL_THUNK_DATA 000000018000e2b0     MSVCRT:MSVCR120.dll
 0002:000002b8       __imp_mexWarnMsgTxt        000000018000e2b8     libmex:libmex.dll
 0002:000002c0       __imp_mexErrMsgIdAndTxt    000000018000e2c0     libmex:libmex.dll
 0002:000002c8       __imp_mexErrMsgTxt         000000018000e2c8     libmex:libmex.dll
 0002:000002d0       \177libmex_NULL_THUNK_DATA 000000018000e2d0     libmex:libmex.dll
 0002:000002d8       __imp_mxIsChar             000000018000e2d8     libmx:libmx.dll
 0002:000002e0       __imp_mxArrayToString      000000018000e2e0     libmx:libmx.dll
 0002:000002e8       __imp_mxFree               000000018000e2e8     libmx:libmx.dll
 0002:000002f0       __imp_mxIsCell             000000018000e2f0     libmx:libmx.dll
 0002:000002f8       __imp_mxGetCell_730        000000018000e2f8     libmx:libmx.dll
 0002:00000300       __imp_mxGetLogicals        000000018000e300     libmx:libmx.dll
 0002:00000308       __imp_mxGetData            000000018000e308     libmx:libmx.dll
 0002:00000310       __imp_mxGetN               000000018000e310     libmx:libmx.dll
 0002:00000318       __imp_mxGetClassID         000000018000e318     libmx:libmx.dll
 0002:00000320       __imp_mxGetNumberOfElements 000000018000e320     libmx:libmx.dll
 0002:00000328       __imp_mxGetPr              000000018000e328     libmx:libmx.dll
 0002:00000330       __imp_mxGetM               000000018000e330     libmx:libmx.dll
 0002:00000338       __imp_mxGetChars           000000018000e338     libmx:libmx.dll
 0002:00000340       __imp_mxIsNumeric          000000018000e340     libmx:libmx.dll
 0002:00000348       __imp_mxCreateNumericArray_730 000000018000e348     libmx:libmx.dll
 0002:00000350       __imp_mxIsInt32            000000018000e350     libmx:libmx.dll
 0002:00000358       \177libmx_NULL_THUNK_DATA  000000018000e358     libmx:libmx.dll
 0002:00000360       __xc_a                     000000018000e360     MSVCRT:cinitexe.obj
 0002:000003b0       __xc_z                     000000018000e3b0     MSVCRT:cinitexe.obj
 0002:000003b8       __xi_a                     000000018000e3b8     MSVCRT:cinitexe.obj
 0002:000003d0       __xi_z                     000000018000e3d0     MSVCRT:cinitexe.obj
 0002:00000420       ??_7type_info@@6B@         000000018000e420     MSVCRT:ti_inst.obj
 0002:00000428       _pRawDllMain               000000018000e428     MSVCRT:crtdll.obj
 0002:00000428       _pDefaultRawDllMain        000000018000e428     MSVCRT:crtdll.obj
 0002:00000440       ??_C@_07DCLBNMLN@generic?$AA@ 000000018000e440     diversity.obj
 0002:00000448       ??_C@_0O@BFJCFAAK@unknown?5error?$AA@ 000000018000e448     diversity.obj
 0002:00000458       ??_C@_08LLGCOLLL@iostream?$AA@ 000000018000e458     diversity.obj
 0002:00000468       ??_C@_0BG@PADBLCHM@iostream?5stream?5error?$AA@ 000000018000e468     diversity.obj
 0002:00000480       ??_C@_06FHFOAHML@system?$AA@ 000000018000e480     diversity.obj
 0002:00000488       ??_C@_0CL@JHPPCNOO@Assertion?3?5?$CInnfN?5?9?5windowN?5?$CL?51?$CJ?5@ 000000018000e488     diversity.obj
 0002:000004b8       ??_C@_0CL@HPKHPHKL@Assertion?3?5?$CInnfM?5?9?5windowM?5?$CL?51?$CJ?5@ 000000018000e4b8     diversity.obj
 0002:000004e8       ??_C@_0DP@DDPFKCPF@Assertion?3?5inputsElementCount?5?$DO?$DN@ 000000018000e4e8     diversity.obj
 0002:00000528       ??_C@_0CB@JMAIPOIH@missing?5argument?3?5weights?5vector@ 000000018000e528     diversity.obj
 0002:00000550       ??_C@_0IA@HGBMEOEJ@weights?5vector?5is?5too?5short?4?5Its@ 000000018000e550     diversity.obj
 0002:000005d0       ??_C@_0BA@JFNIOLAK@string?5too?5long?$AA@ 000000018000e5d0     diversity.obj
 0002:000005e0       ??_C@_0BI@CFPLBAOH@invalid?5string?5position?$AA@ 000000018000e5e0     diversity.obj
 0002:000005f8       ??_C@_0BD@OLBABOEK@vector?$DMT?$DO?5too?5long?$AA@ 000000018000e5f8     diversity.obj
 0002:00000610       ??_C@_0BA@CPPJKABL@mexopencv?3error?$AA@ 000000018000e610     diversity.obj
 0002:00000620       ??_C@_0BO@HCEAMNFI@Cannot?5convert?5to?5std?3?3vector?$AA@ 000000018000e620     diversity.obj
 0002:00000640       ??_C@_0BI@IFMOMPED@Accessing?5invalid?5range?$AA@ 000000018000e640     diversity.obj
 0002:00000658       ??_C@_0BJ@PKHEIMM@MxArray?5is?5not?5primitive?$AA@ 000000018000e658     diversity.obj
 0002:00000680       ??_7_Generic_error_category@std@@6B@ 000000018000e680     diversity.obj
 0002:000006b8       ??_7MxArray@@6B@           000000018000e6b8     diversity.obj
 0002:000006c8       ??_7_System_error_category@std@@6B@ 000000018000e6c8     diversity.obj
 0002:00000700       ??_7_Iostream_error_category@std@@6B@ 000000018000e700     diversity.obj
 0002:00000738       ??_7error_category@std@@6B@ 000000018000e738     diversity.obj
 0002:00000768       ?WeightedDiversityCount@DiversityTypes@@2PEBDEB 000000018000e768     main.obj
 0002:00000770       ?DeformableDiversity@DiversityTypes@@2PEBDEB 000000018000e770     main.obj
 0002:00000778       ?DiversityCount@DiversityTypes@@2PEBDEB 000000018000e778     main.obj
 0002:00000780       ??_8?$basic_ostringstream@DU?$char_traits@D@std@@V?$allocator@D@2@@std@@7B@ 000000018000e780     main.obj
 0002:00000788       ??_C@_00CNPNBAHC@?$AA@     000000018000e788     main.obj
 0002:00000790       ??_C@_0CC@HOMDNNHD@Assertion?3?5mxObj?4isInt32?$CI?$CJ?5faile@ 000000018000e790     main.obj
 0002:000007b8       ??_C@_0P@DNIPFAMC@DiversityCount?$AA@ 000000018000e7b8     main.obj
 0002:000007c8       ??_C@_0BH@DMNHDANF@weightedDiversityCount?$AA@ 000000018000e7c8     main.obj
 0002:000007e0       ??_C@_0BE@NACKHEIG@DeformableDiversity?$AA@ 000000018000e7e0     main.obj
 0002:000007f4       ??_C@_01EEMJAFIK@?6?$AA@   000000018000e7f4     main.obj
 0002:000007f8       ??_C@_0DF@NBDPNJHA@?0?5nnfMat?0?5windowM?0?5windowN?0?5xyPo@ 000000018000e7f8     main.obj
 0002:00000830       ??_C@_01GEODFPGF@?8?$AA@   000000018000e830     main.obj
 0002:00000838       ??_C@_0CE@BMCCIOBJ@?0?5nnfMat?0?5windowM?0?5windowN?0?5weig@ 000000018000e838     main.obj
 0002:00000860       ??_C@_0FL@LCHPENBL@?0?5nnfMat?0?5windowM?0?5windowN?0?5diff@ 000000018000e860     main.obj
 0002:000008c0       ??_C@_0BC@DEDOGNIN@Expected?5inputs?3?5?$AA@ 000000018000e8c0     main.obj
 0002:000008e0       ??_C@_0EA@FBEFOGGK@Assertion?3?5inputsElementCount?5?$DO?$DN@ 000000018000e8e0     main.obj
 0002:00000920       ??_C@_0CK@KDKFNFAJ@Assertion?3?5outputElementCount?5?$DN?$DN@ 000000018000e920     main.obj
 0002:00000950       ??_C@_0CB@LDDDCECJ@expected?5outpus?3?5?$CIdiversity?5map?$CJ@ 000000018000e950     main.obj
 0002:00000978       ??_C@_0CF@ONEKHAAO@First?5parameter?5should?5be?5a?5stri@ 000000018000e978     main.obj
 0002:000009a0       ??_C@_01KMDKNFGN@?1?$AA@   000000018000e9a0     main.obj
 0002:000009a8       ??_C@_0DJ@FBCPLDKN@first?5parameter?5should?5be?5one?5of@ 000000018000e9a8     main.obj
 0002:000009e8       ??_C@_0CG@NJECNNAH@An?5exception?5occurred?4?5Exception@ 000000018000e9e8     main.obj
 0002:00000a10       ??_C@_1OA@NGNBCLMA@?$AAc?$AA?3?$AA?2?$AAu?$AAs?$AAe?$AAr?$AAs?$AA?2?$AAt?$AAi?$AAt?$AAa?$AAm?$AAa?$AAr?$AA?2?$AAd?$AAo?$AAc?$AAu?$AAm?$AAe?$AAn?$AAt?$AAs?$AA?2?$AAv?$AAi?$AAs?$AAu?$AAa@ 000000018000ea10     main.obj
 0002:00000af0       ??_C@_1BGE@MDFDAGNB@?$AA?$CI?$AAd?$AAa?$AAt?$AAa?$AAP?$AAt?$AAr?$AA?5?$AA?$DN?$AA?$DN?$AA?5?$AA0?$AA?$CJ?$AA?5?$AA?$HM?$AA?$HM?$AA?5?$AA?$CI?$AA?5?$AAn?$AAb?$AAR?$AAo?$AAw?$AAs?$AA?5?$AA?$DO?$AA?$DN?$AA?5?$AA0?$AA?5@ 000000018000eaf0     main.obj
 0002:00000c60       ??_7?$basic_ostringstream@DU?$char_traits@D@std@@V?$allocator@D@2@@std@@6B@ 000000018000ec60     main.obj
 0002:00000c70       ??_7?$basic_stringbuf@DU?$char_traits@D@std@@V?$allocator@D@2@@std@@6B@ 000000018000ec70     main.obj
 0002:00000ce8       ??_C@_0P@GHFPNOJB@bad?5allocation?$AA@ 000000018000ece8     deformableDiversity.obj
 0002:00000cf8       ??_C@_0DD@BHLLANOM@Assertion?3?5maxElement?5?$DM?$DN?5xyPosit@ 000000018000ecf8     deformableDiversity.obj
 0002:00000d30       ??_C@_0FL@NAHPHFM@the?5amount?5of?5xy?5positions?5must?5@ 000000018000ed30     deformableDiversity.obj
 0002:00000d90       ??_C@_0EF@FCAGKMGM@Assertion?3?5xyPositions?4cols?$CI?$CJ?5?$DN?$DN@ 000000018000ed90     deformableDiversity.obj
 0002:00000de0       ??_C@_0KL@MONNJLOP@argument?5xyPositions?5must?5be?5a?5m@ 000000018000ede0     deformableDiversity.obj
 0002:00000e90       ??_C@_0DP@PCCPGICO@Assertion?3?5inputsElementCount?5?$DO?$DN@ 000000018000ee90     deformableDiversity.obj
 0002:00000ed0       ??_C@_0CF@CAKNCNJG@missing?5argument?3?5xy?5positins?5ma@ 000000018000eed0     deformableDiversity.obj
 0002:00000f00       ??_C@_1NM@DLAENEJJ@?$AAc?$AA?3?$AA?2?$AAu?$AAs?$AAe?$AAr?$AAs?$AA?2?$AAt?$AAi?$AAt?$AAa?$AAm?$AAa?$AAr?$AA?2?$AAd?$AAo?$AAc?$AAu?$AAm?$AAe?$AAn?$AAt?$AAs?$AA?2?$AAv?$AAi?$AAs?$AAu?$AAa@ 000000018000ef00     deformableDiversity.obj
[...]
 0004:000008ac       $pdata$??$_Buynode@AEAU?$pair@$$CBV?$basic_string@DU?$char_traits@D@std@@V?$allocator@D@2@@std@@H@std@@@?$_Tree_buy@U?$pair@$$CBV?$basic_string@DU?$char_traits@D@std@@V?$allocator@D@2@@std@@H@std@@V?$allocator@U?$pair@$$CBV?$basic_string@DU?$char_traits@D@std@@V?$allocator@D@2@@std@@H@std@@@2@@std@@QEAAPEAU?$_Tree_node@U?$pair@$$CBV?$basic_string@DU?$char_traits@D@std@@V?$allocator@D@2@@std@@H@std@@PEAX@1@AEAU?$pair@$$CBV?$basic_string@DU?$char_traits@D@std@@V?$allocator@D@2@@std@@H@1@@Z 00000001800158ac     mex_opencv_2.4:MxArray.obj
 0004:000008b8       $pdata$??$_Buynode@AEAU?$pair@$$CBW4mxClassID@@H@std@@@?$_Tree_buy@U?$pair@$$CBW4mxClassID@@H@std@@V?$allocator@U?$pair@$$CBW4mxClassID@@H@std@@@2@@std@@QEAAPEAU?$_Tree_node@U?$pair@$$CBW4mxClassID@@H@std@@PEAX@1@AEAU?$pair@$$CBW4mxClassID@@H@1@@Z 00000001800158b8     mex_opencv_2.4:MxArray.obj
 0004:000008b8       $pdata$??$_Buynode@AEAU?$pair@$$CBHW4mxClassID@@@std@@@?$_Tree_buy@U?$pair@$$CBHW4mxClassID@@@std@@V?$allocator@U?$pair@$$CBHW4mxClassID@@@std@@@2@@std@@QEAAPEAU?$_Tree_node@U?$pair@$$CBHW4mxClassID@@@std@@PEAX@1@AEAU?$pair@$$CBHW4mxClassID@@@1@@Z 00000001800158b8     mex_opencv_2.4:MxArray.obj
 0004:000008c4       $pdata$??$_Buynode@AEAU?$pair@$$CBHV?$basic_string@DU?$char_traits@D@std@@V?$allocator@D@2@@std@@@std@@@?$_Tree_buy@U?$pair@$$CBHV?$basic_string@DU?$char_traits@D@std@@V?$allocator@D@2@@std@@@std@@V?$allocator@U?$pair@$$CBHV?$basic_string@DU?$char_traits@D@std@@V?$allocator@D@2@@std@@@std@@@2@@std@@QEAAPEAU?$_Tree_node@U?$pair@$$CBHV?$basic_string@DU?$char_traits@D@std@@V?$allocator@D@2@@std@@@std@@PEAX@1@AEAU?$pair@$$CBHV?$basic_string@DU?$char_traits@D@std@@V?$allocator@D@2@@std@@@1@@Z 00000001800158c4     mex_opencv_2.4:MxArray.obj
 0004:000008dc       $pdata$__atonexitinit      00000001800158dc     MSVCRT:atonexit.obj
 0004:000008e8       $pdata$_onexit             00000001800158e8     MSVCRT:atonexit.obj
 0004:000008f4       $pdata$atexit              00000001800158f4     MSVCRT:atonexit.obj
 0004:00000900       $pdata$??_Etype_info@@UEAAPEAXI@Z 0000000180015900     MSVCRT:ti_inst.obj
 0004:0000090c       $pdata$pre_c_init          000000018001590c     MSVCRT:crtdll.obj
 0004:00000918       $pdata$_CRT_INIT           0000000180015918     MSVCRT:crtdll.obj
 0004:00000924       $pdata$_DllMainCRTStartup  0000000180015924     MSVCRT:crtdll.obj
 0004:00000930       $pdata$__DllMainCRTStartup 0000000180015930     MSVCRT:crtdll.obj
 0004:0000093c       $pdata$__raise_securityfailure 000000018001593c     MSVCRT:gs_report.obj
 0004:00000948       $pdata$__report_gsfailure  0000000180015948     MSVCRT:gs_report.obj
 0004:00000954       $pdata$??_M@YAXPEAX_KHP6AX0@Z@Z 0000000180015954     MSVCRT:ehvecdtr.obj
 0004:00000960       $pdata$?__ArrayUnwind@@YAXPEAX_KHP6AX0@Z@Z 0000000180015960     MSVCRT:ehvecdtr.obj
 0004:0000096c       $pdata$_IsNonwritableInCurrentImage 000000018001596c     MSVCRT:pesect.obj
 0004:00000978       $pdata$__security_init_cookie 0000000180015978     MSVCRT:gs_support.obj
 0004:00000984       $pdata$DllMain             0000000180015984     MSVCRT:dllmain.obj
 0004:00000990       $pdata$_RTC_Initialize     0000000180015990     MSVCRT:initsect.obj
 0004:0000099c       $pdata$_RTC_Terminate      000000018001599c     MSVCRT:initsect.obj
 0004:000009a8       $pdata$__GSHandlerCheck    00000001800159a8     MSVCRT:gshandler.obj
 0004:000009b4       $pdata$__GSHandlerCheckCommon 00000001800159b4     MSVCRT:gshandler.obj
 0004:000009c0       $pdata$__GSHandlerCheck_EH 00000001800159c0     MSVCRT:gshandlereh.obj
 0004:000009cc       $pdata$?catch$1@?0??_Copy@?$basic_string@DU?$char_traits@D@std@@V?$allocator@D@2@@std@@QEAAX_K0@Z@4HA 00000001800159cc     diversity.obj
 0004:000009d8       $pdata$?catch$0@?0??_Copy@?$basic_string@DU?$char_traits@D@std@@V?$allocator@D@2@@std@@QEAAX_K0@Z@4HA 00000001800159d8     diversity.obj
 0004:000009e4       $pdata$mexFunction$catch$0 00000001800159e4     main.obj
 0004:000009f0       $pdata$mexFunction$catch$1 00000001800159f0     main.obj
 0004:000009fc       $pdata$?dtor$0@?0???0?$basic_ostringstream@DU?$char_traits@D@std@@V?$allocator@D@2@@std@@QEAA@H@Z@4HA 00000001800159fc     main.obj
 0004:00000a08       $pdata$?dtor$0@?0???$?HDU?$char_traits@D@std@@V?$allocator@D@1@@std@@YA?AV?$basic_string@DU?$char_traits@D@std@@V?$allocator@D@2@@0@AEBV10@0@Z@4HA 0000000180015a08     main.obj
 0004:00000a14       $pdata$?catch$0@?0???$?6U?$char_traits@D@std@@@std@@YAAEAV?$basic_ostream@DU?$char_traits@D@std@@@0@AEAV10@PEBD@Z@4HA 0000000180015a14     main.obj
 0004:00000a20       $pdata$?catch$0@?0???$?6DU?$char_traits@D@std@@V?$allocator@D@1@@std@@YAAEAV?$basic_ostream@DU?$char_traits@D@std@@@0@AEAV10@AEBV?$basic_string@DU?$char_traits@D@std@@V?$allocator@D@2@@0@@Z@4HA 0000000180015a20     main.obj
 0004:00000a2c       $pdata$?catch$0@?0???$?6U?$char_traits@D@std@@@std@@YAAEAV?$basic_ostream@DU?$char_traits@D@std@@@0@AEAV10@D@Z@4HA 0000000180015a2c     main.obj
 0004:00000a38       $pdata$?catch$0@?0???0?$_Tree@V?$_Tmap_traits@V?$basic_string@DU?$char_traits@D@std@@V?$allocator@D@2@@std@@HU?$less@V?$basic_string@DU?$char_traits@D@std@@V?$allocator@D@2@@std@@@2@V?$allocator@U?$pair@$$CBV?$basic_string@DU?$char_traits@D@std@@V?$allocator@D@2@@std@@H@std@@@2@$0A@@std@@@std@@QEAA@AEBV01@AEBV?$allocator@U?$pair@$$CBV?$basic_string@DU?$char_traits@D@std@@V?$allocator@D@2@@std@@H@std@@@1@@Z@4HA 0000000180015a38     mex_opencv_2.4:MxArray.obj
 0004:00000a44       $pdata$?catch$0@?0???0?$_Tree@V?$_Tmap_traits@W4mxClassID@@HU?$less@W4mxClassID@@@std@@V?$allocator@U?$pair@$$CBW4mxClassID@@H@std@@@3@$0A@@std@@@std@@QEAA@AEBV01@AEBV?$allocator@U?$pair@$$CBW4mxClassID@@H@std@@@1@@Z@4HA 0000000180015a44     mex_opencv_2.4:MxArray.obj
 0004:00000a50       $pdata$?catch$0@?0???0?$_Tree@V?$_Tmap_traits@HW4mxClassID@@U?$less@H@std@@V?$allocator@U?$pair@$$CBHW4mxClassID@@@std@@@3@$0A@@std@@@std@@QEAA@AEBV01@AEBV?$allocator@U?$pair@$$CBHW4mxClassID@@@std@@@1@@Z@4HA 0000000180015a50     mex_opencv_2.4:MxArray.obj
 0004:00000a5c       $pdata$?catch$0@?0???0?$_Tree@V?$_Tmap_traits@HV?$basic_string@DU?$char_traits@D@std@@V?$allocator@D@2@@std@@U?$less@H@2@V?$allocator@U?$pair@$$CBHV?$basic_string@DU?$char_traits@D@std@@V?$allocator@D@2@@std@@@std@@@2@$0A@@std@@@std@@QEAA@AEBV01@AEBV?$allocator@U?$pair@$$CBHV?$basic_string@DU?$char_traits@D@std@@V?$allocator@D@2@@std@@@std@@@1@@Z@4HA 0000000180015a5c     mex_opencv_2.4:MxArray.obj
 0004:00000a68       $pdata$?dtor$0@?0???$_Buynode@AEBUpiecewise_construct_t@std@@V?$tuple@AEBV?$basic_string@DU?$char_traits@D@std@@V?$allocator@D@2@@std@@@2@V?$tuple@$$$V@2@@?$_Tree_buy@U?$pair@$$CBV?$basic_string@DU?$char_traits@D@std@@V?$allocator@D@2@@std@@H@std@@V?$allocator@U?$pair@$$CBV?$basic_string@DU?$char_traits@D@std@@V?$allocator@D@2@@std@@H@std@@@2@@std@@QEAAPEAU?$_Tree_node@U?$pair@$$CBV?$basic_string@DU?$char_traits@D@std@@V?$allocator@D@2@@std@@H@std@@PEAX@1@AEBUpiecewise_construct_t@1@$$QEAV?$tuple@AEBV?$basic_string@DU?$char_traits@D@std@@V?$allocator@D@2@@std@@@1@$$QEAV?$tuple@$$$V@1@@Z@4HA 0000000180015a68     mex_opencv_2.4:MxArray.obj
 0004:00000a74       $pdata$?catch$0@?0???$_Buynode@AEBUpiecewise_construct_t@std@@V?$tuple@AEBV?$basic_string@DU?$char_traits@D@std@@V?$allocator@D@2@@std@@@2@V?$tuple@$$$V@2@@?$_Tree_buy@U?$pair@$$CBV?$basic_string@DU?$char_traits@D@std@@V?$allocator@D@2@@std@@H@std@@V?$allocator@U?$pair@$$CBV?$basic_string@DU?$char_traits@D@std@@V?$allocator@D@2@@std@@H@std@@@2@@std@@QEAAPEAU?$_Tree_node@U?$pair@$$CBV?$basic_string@DU?$char_traits@D@std@@V?$allocator@D@2@@std@@H@std@@PEAX@1@AEBUpiecewise_construct_t@1@$$QEAV?$tuple@AEBV?$basic_string@DU?$char_traits@D@std@@V?$allocator@D@2@@std@@@1@$$QEAV?$tuple@$$$V@1@@Z@4HA 0000000180015a74     mex_opencv_2.4:MxArray.obj
 0004:00000a80       $pdata$?catch$0@?0???$_Insert_hint@AEAU?$pair@$$CBV?$basic_string@DU?$char_traits@D@std@@V?$allocator@D@2@@std@@H@std@@PEAU?$_Tree_node@U?$pair@$$CBV?$basic_string@DU?$char_traits@D@std@@V?$allocator@D@2@@std@@H@std@@PEAX@2@@?$_Tree@V?$_Tmap_traits@V?$basic_string@DU?$char_traits@D@std@@V?$allocator@D@2@@std@@HU?$less@V?$basic_string@DU?$char_traits@D@std@@V?$allocator@D@2@@std@@@2@V?$allocator@U?$pair@$$CBV?$basic_string@DU?$char_traits@D@std@@V?$allocator@D@2@@std@@H@std@@@2@$0A@@std@@@std@@IEAA?AV?$_Tree_iterator@V?$_Tree_val@U?$_Tree_simple_types@U?$pair@$$CBV?$basic_string@DU?$char_traits@D@std@@V?$allocator@D@2@@std@@H@std@@@std@@@std@@@1@V?$_Tree_const_iterator@V?$_Tree_val@U?$_Tree_simple_types@U?$pair@$$CBV?$basic_string@DU?$char_traits@D@std@@V?$allocator@D@2@@std@@H@std@@@std@@@std@@@1@AEAU?$pair@$$CBV?$basic_string@DU?$char_traits@D@std@@V?$allocator@D@2@@std@@H@1@PEAU?$_Tree_node@U?$pair@$$CBV?$basic_string@DU?$char_traits@D@std@@V?$allocator@D@2@@std@@H@std@@PEAX@1@@Z@4HA 0000000180015a80     mex_opencv_2.4:MxArray.obj
 0004:00000a8c       $pdata$?catch$0@?0???$_Copy_nodes@U?$integral_constant@_N$0A@@std@@@?$_Tree@V?$_Tmap_traits@V?$basic_string@DU?$char_traits@D@std@@V?$allocator@D@2@@std@@HU?$less@V?$basic_string@DU?$char_traits@D@std@@V?$allocator@D@2@@std@@@2@V?$allocator@U?$pair@$$CBV?$basic_string@DU?$char_traits@D@std@@V?$allocator@D@2@@std@@H@std@@@2@$0A@@std@@@std@@IEAAPEAU?$_Tree_node@U?$pair@$$CBV?$basic_string@DU?$char_traits@D@std@@V?$allocator@D@2@@std@@H@std@@PEAX@1@PEAU21@0U?$integral_constant@_N$0A@@1@@Z@4HA 0000000180015a8c     mex_opencv_2.4:MxArray.obj
 0004:00000a98       $pdata$?catch$0@?0???$_Insert_hint@AEAU?$pair@$$CBW4mxClassID@@H@std@@PEAU?$_Tree_node@U?$pair@$$CBW4mxClassID@@H@std@@PEAX@2@@?$_Tree@V?$_Tmap_traits@W4mxClassID@@HU?$less@W4mxClassID@@@std@@V?$allocator@U?$pair@$$CBW4mxClassID@@H@std@@@3@$0A@@std@@@std@@IEAA?AV?$_Tree_iterator@V?$_Tree_val@U?$_Tree_simple_types@U?$pair@$$CBW4mxClassID@@H@std@@@std@@@std@@@1@V?$_Tree_const_iterator@V?$_Tree_val@U?$_Tree_simple_types@U?$pair@$$CBW4mxClassID@@H@std@@@std@@@std@@@1@AEAU?$pair@$$CBW4mxClassID@@H@1@PEAU?$_Tree_node@U?$pair@$$CBW4mxClassID@@H@std@@PEAX@1@@Z@4HA 0000000180015a98     mex_opencv_2.4:MxArray.obj
 0004:00000a98       $pdata$?catch$0@?0???$_Insert_hint@AEAU?$pair@$$CBHW4mxClassID@@@std@@PEAU?$_Tree_node@U?$pair@$$CBHW4mxClassID@@@std@@PEAX@2@@?$_Tree@V?$_Tmap_traits@HW4mxClassID@@U?$less@H@std@@V?$allocator@U?$pair@$$CBHW4mxClassID@@@std@@@3@$0A@@std@@@std@@IEAA?AV?$_Tree_iterator@V?$_Tree_val@U?$_Tree_simple_types@U?$pair@$$CBHW4mxClassID@@@std@@@std@@@std@@@1@V?$_Tree_const_iterator@V?$_Tree_val@U?$_Tree_simple_types@U?$pair@$$CBHW4mxClassID@@@std@@@std@@@std@@@1@AEAU?$pair@$$CBHW4mxClassID@@@1@PEAU?$_Tree_node@U?$pair@$$CBHW4mxClassID@@@std@@PEAX@1@@Z@4HA 0000000180015a98     mex_opencv_2.4:MxArray.obj
 0004:00000aa4       $pdata$?catch$0@?0???$_Copy_nodes@U?$integral_constant@_N$0A@@std@@@?$_Tree@V?$_Tmap_traits@HW4mxClassID@@U?$less@H@std@@V?$allocator@U?$pair@$$CBHW4mxClassID@@@std@@@3@$0A@@std@@@std@@IEAAPEAU?$_Tree_node@U?$pair@$$CBHW4mxClassID@@@std@@PEAX@1@PEAU21@0U?$integral_constant@_N$0A@@1@@Z@4HA 0000000180015aa4     mex_opencv_2.4:MxArray.obj
 0004:00000aa4       $pdata$?catch$0@?0???$_Copy_nodes@U?$integral_constant@_N$0A@@std@@@?$_Tree@V?$_Tmap_traits@W4mxClassID@@HU?$less@W4mxClassID@@@std@@V?$allocator@U?$pair@$$CBW4mxClassID@@H@std@@@3@$0A@@std@@@std@@IEAAPEAU?$_Tree_node@U?$pair@$$CBW4mxClassID@@H@std@@PEAX@1@PEAU21@0U?$integral_constant@_N$0A@@1@@Z@4HA 0000000180015aa4     mex_opencv_2.4:MxArray.obj
 0004:00000ab0       $pdata$?catch$0@?0???$_Insert_hint@AEAU?$pair@$$CBHV?$basic_string@DU?$char_traits@D@std@@V?$allocator@D@2@@std@@@std@@PEAU?$_Tree_node@U?$pair@$$CBHV?$basic_string@DU?$char_traits@D@std@@V?$allocator@D@2@@std@@@std@@PEAX@2@@?$_Tree@V?$_Tmap_traits@HV?$basic_string@DU?$char_traits@D@std@@V?$allocator@D@2@@std@@U?$less@H@2@V?$allocator@U?$pair@$$CBHV?$basic_string@DU?$char_traits@D@std@@V?$allocator@D@2@@std@@@std@@@2@$0A@@std@@@std@@IEAA?AV?$_Tree_iterator@V?$_Tree_val@U?$_Tree_simple_types@U?$pair@$$CBHV?$basic_string@DU?$char_traits@D@std@@V?$allocator@D@2@@std@@@std@@@std@@@std@@@1@V?$_Tree_const_iterator@V?$_Tree_val@U?$_Tree_simple_types@U?$pair@$$CBHV?$basic_string@DU?$char_traits@D@std@@V?$allocator@D@2@@std@@@std@@@std@@@std@@@1@AEAU?$pair@$$CBHV?$basic_string@DU?$char_traits@D@std@@V?$allocator@D@2@@std@@@1@PEAU?$_Tree_node@U?$pair@$$CBHV?$basic_string@DU?$char_traits@D@std@@V?$allocator@D@2@@std@@@std@@PEAX@1@@Z@4HA 0000000180015ab0     mex_opencv_2.4:MxArray.obj
 0004:00000abc       $pdata$?catch$0@?0???$_Copy_nodes@U?$integral_constant@_N$0A@@std@@@?$_Tree@V?$_Tmap_traits@HV?$basic_string@DU?$char_traits@D@std@@V?$allocator@D@2@@std@@U?$less@H@2@V?$allocator@U?$pair@$$CBHV?$basic_string@DU?$char_traits@D@std@@V?$allocator@D@2@@std@@@std@@@2@$0A@@std@@@std@@IEAAPEAU?$_Tree_node@U?$pair@$$CBHV?$basic_string@DU?$char_traits@D@std@@V?$allocator@D@2@@std@@@std@@PEAX@1@PEAU21@0U?$integral_constant@_N$0A@@1@@Z@4HA 0000000180015abc     mex_opencv_2.4:MxArray.obj
 0004:00000ac8       $pdata$?catch$0@?0???$_Insert_nohint@AEAU?$pair@$$CBV?$basic_string@DU?$char_traits@D@std@@V?$allocator@D@2@@std@@H@std@@PEAU?$_Tree_node@U?$pair@$$CBV?$basic_string@DU?$char_traits@D@std@@V?$allocator@D@2@@std@@H@std@@PEAX@2@@?$_Tree@V?$_Tmap_traits@V?$basic_string@DU?$char_traits@D@std@@V?$allocator@D@2@@std@@HU?$less@V?$basic_string@DU?$char_traits@D@std@@V?$allocator@D@2@@std@@@2@V?$allocator@U?$pair@$$CBV?$basic_string@DU?$char_traits@D@std@@V?$allocator@D@2@@std@@H@std@@@2@$0A@@std@@@std@@IEAA?AU?$pair@V?$_Tree_iterator@V?$_Tree_val@U?$_Tree_simple_types@U?$pair@$$CBV?$basic_string@DU?$char_traits@D@std@@V?$allocator@D@2@@std@@H@std@@@std@@@std@@@std@@_N@1@_NAEAU?$pair@$$CBV?$basic_string@DU?$char_traits@D@std@@V?$allocator@D@2@@std@@H@1@PEAU?$_Tree_node@U?$pair@$$CBV?$basic_string@DU?$char_traits@D@std@@V?$allocator@D@2@@std@@H@std@@PEAX@1@@Z@4HA 0000000180015ac8     mex_opencv_2.4:MxArray.obj
 0004:00000ad4       $pdata$?catch$0@?0???$_Insert_nohint@AEAU?$pair@$$CBHW4mxClassID@@@std@@PEAU?$_Tree_node@U?$pair@$$CBHW4mxClassID@@@std@@PEAX@2@@?$_Tree@V?$_Tmap_traits@HW4mxClassID@@U?$less@H@std@@V?$allocator@U?$pair@$$CBHW4mxClassID@@@std@@@3@$0A@@std@@@std@@IEAA?AU?$pair@V?$_Tree_iterator@V?$_Tree_val@U?$_Tree_simple_types@U?$pair@$$CBHW4mxClassID@@@std@@@std@@@std@@@std@@_N@1@_NAEAU?$pair@$$CBHW4mxClassID@@@1@PEAU?$_Tree_node@U?$pair@$$CBHW4mxClassID@@@std@@PEAX@1@@Z@4HA 0000000180015ad4     mex_opencv_2.4:MxArray.obj
 0004:00000ad4       $pdata$?catch$0@?0???$_Insert_nohint@AEAU?$pair@$$CBW4mxClassID@@H@std@@PEAU?$_Tree_node@U?$pair@$$CBW4mxClassID@@H@std@@PEAX@2@@?$_Tree@V?$_Tmap_traits@W4mxClassID@@HU?$less@W4mxClassID@@@std@@V?$allocator@U?$pair@$$CBW4mxClassID@@H@std@@@3@$0A@@std@@@std@@IEAA?AU?$pair@V?$_Tree_iterator@V?$_Tree_val@U?$_Tree_simple_types@U?$pair@$$CBW4mxClassID@@H@std@@@std@@@std@@@std@@_N@1@_NAEAU?$pair@$$CBW4mxClassID@@H@1@PEAU?$_Tree_node@U?$pair@$$CBW4mxClassID@@H@std@@PEAX@1@@Z@4HA 0000000180015ad4     mex_opencv_2.4:MxArray.obj
 0004:00000ae0       $pdata$?catch$0@?0???$_Insert_nohint@AEAU?$pair@$$CBHV?$basic_string@DU?$char_traits@D@std@@V?$allocator@D@2@@std@@@std@@PEAU?$_Tree_node@U?$pair@$$CBHV?$basic_string@DU?$char_traits@D@std@@V?$allocator@D@2@@std@@@std@@PEAX@2@@?$_Tree@V?$_Tmap_traits@HV?$basic_string@DU?$char_traits@D@std@@V?$allocator@D@2@@std@@U?$less@H@2@V?$allocator@U?$pair@$$CBHV?$basic_string@DU?$char_traits@D@std@@V?$allocator@D@2@@std@@@std@@@2@$0A@@std@@@std@@IEAA?AU?$pair@V?$_Tree_iterator@V?$_Tree_val@U?$_Tree_simple_types@U?$pair@$$CBHV?$basic_string@DU?$char_traits@D@std@@V?$allocator@D@2@@std@@@std@@@std@@@std@@@std@@_N@1@_NAEAU?$pair@$$CBHV?$basic_string@DU?$char_traits@D@std@@V?$allocator@D@2@@std@@@1@PEAU?$_Tree_node@U?$pair@$$CBHV?$basic_string@DU?$char_traits@D@std@@V?$allocator@D@2@@std@@@std@@PEAX@1@@Z@4HA 0000000180015ae0     mex_opencv_2.4:MxArray.obj
 0004:00000aec       $pdata$?dtor$0@?0???$_Buynode@AEAU?$pair@$$CBV?$basic_string@DU?$char_traits@D@std@@V?$allocator@D@2@@std@@H@std@@@?$_Tree_buy@U?$pair@$$CBV?$basic_string@DU?$char_traits@D@std@@V?$allocator@D@2@@std@@H@std@@V?$allocator@U?$pair@$$CBV?$basic_string@DU?$char_traits@D@std@@V?$allocator@D@2@@std@@H@std@@@2@@std@@QEAAPEAU?$_Tree_node@U?$pair@$$CBV?$basic_string@DU?$char_traits@D@std@@V?$allocator@D@2@@std@@H@std@@PEAX@1@AEAU?$pair@$$CBV?$basic_string@DU?$char_traits@D@std@@V?$allocator@D@2@@std@@H@1@@Z@4HA 0000000180015aec     mex_opencv_2.4:MxArray.obj
 0004:00000af8       $pdata$?catch$0@?0???$_Buynode@AEAU?$pair@$$CBV?$basic_string@DU?$char_traits@D@std@@V?$allocator@D@2@@std@@H@std@@@?$_Tree_buy@U?$pair@$$CBV?$basic_string@DU?$char_traits@D@std@@V?$allocator@D@2@@std@@H@std@@V?$allocator@U?$pair@$$CBV?$basic_string@DU?$char_traits@D@std@@V?$allocator@D@2@@std@@H@std@@@2@@std@@QEAAPEAU?$_Tree_node@U?$pair@$$CBV?$basic_string@DU?$char_traits@D@std@@V?$allocator@D@2@@std@@H@std@@PEAX@1@AEAU?$pair@$$CBV?$basic_string@DU?$char_traits@D@std@@V?$allocator@D@2@@std@@H@1@@Z@4HA 0000000180015af8     mex_opencv_2.4:MxArray.obj
 0004:00000b04       $pdata$?dtor$0@?0???$_Buynode@AEAU?$pair@$$CBHV?$basic_string@DU?$char_traits@D@std@@V?$allocator@D@2@@std@@@std@@@?$_Tree_buy@U?$pair@$$CBHV?$basic_string@DU?$char_traits@D@std@@V?$allocator@D@2@@std@@@std@@V?$allocator@U?$pair@$$CBHV?$basic_string@DU?$char_traits@D@std@@V?$allocator@D@2@@std@@@std@@@2@@std@@QEAAPEAU?$_Tree_node@U?$pair@$$CBHV?$basic_string@DU?$char_traits@D@std@@V?$allocator@D@2@@std@@@std@@PEAX@1@AEAU?$pair@$$CBHV?$basic_string@DU?$char_traits@D@std@@V?$allocator@D@2@@std@@@1@@Z@4HA 0000000180015b04     mex_opencv_2.4:MxArray.obj
 0004:00000b10       $pdata$?catch$0@?0???$_Buynode@AEAU?$pair@$$CBHV?$basic_string@DU?$char_traits@D@std@@V?$allocator@D@2@@std@@@std@@@?$_Tree_buy@U?$pair@$$CBHV?$basic_string@DU?$char_traits@D@std@@V?$allocator@D@2@@std@@@std@@V?$allocator@U?$pair@$$CBHV?$basic_string@DU?$char_traits@D@std@@V?$allocator@D@2@@std@@@std@@@2@@std@@QEAAPEAU?$_Tree_node@U?$pair@$$CBHV?$basic_string@DU?$char_traits@D@std@@V?$allocator@D@2@@std@@@std@@PEAX@1@AEAU?$pair@$$CBHV?$basic_string@DU?$char_traits@D@std@@V?$allocator@D@2@@std@@@1@@Z@4HA 0000000180015b10     mex_opencv_2.4:MxArray.obj
 0004:00000b1c       $pdata$_onexit$fin$0       0000000180015b1c     MSVCRT:atonexit.obj
 0004:00000b28       $pdata$__DllMainCRTStartup$filt$0 0000000180015b28     MSVCRT:crtdll.obj
 0004:00000b34       $pdata$__DllMainCRTStartup$fin$1 0000000180015b34     MSVCRT:crtdll.obj
 0004:00000b40       $pdata$?fin$0@?0???_M@YAXPEAX_KHP6AX0@Z@Z@4HA 0000000180015b40     MSVCRT:ehvecdtr.obj
 0004:00000b4c       $pdata$?filt$0@?0??__ArrayUnwind@@YAXPEAX_KHP6AX0@Z@Z@4HA 0000000180015b4c     MSVCRT:ehvecdtr.obj
 0004:00000b58       $pdata$_IsNonwritableInCurrentImage$filt$0 0000000180015b58     MSVCRT:pesect.obj
 0004:00000b64       $pdata$??__F?All@DiversityTypes@@2V?$vector@PEBDV?$allocator@PEBD@std@@@std@@A@@YAXXZ 0000000180015b64     main.obj
 0004:00000b70       $pdata$??__Ftictoc_stack@@YAXXZ 0000000180015b70     tictoc.obj
 0004:00000b7c       $pdata$??__FDepthOf@?A0x6487b33d@@YAXXZ 0000000180015b7c     mex_opencv_2.4:MxArray.obj
 0004:00000b88       $pdata$??__FClassIDOf@?A0x6487b33d@@YAXXZ 0000000180015b88     mex_opencv_2.4:MxArray.obj
 0004:00000b94       $pdata$??__FInvTermCritType@?A0x6487b33d@@YAXXZ 0000000180015b94     mex_opencv_2.4:MxArray.obj
 0004:00000ba0       $pdata$??__FTermCritType@?A0x6487b33d@@YAXXZ 0000000180015ba0     mex_opencv_2.4:MxArray.obj
